../Core/Src/main.c:104:5:main	8	static
../Core/Src/main.c:162:6:SystemClock_Config	96	static
../Core/Src/main.c:210:13:MX_ADC1_Init	32	static
../Core/Src/main.c:265:13:MX_SPI3_Init	8	static
../Core/Src/main.c:303:13:MX_TIM2_Init	64	static
../Core/Src/main.c:355:13:MX_DMA_Init	16	static
../Core/Src/main.c:372:13:MX_GPIO_Init	40	static
../Core/Src/main.c:396:6:receive_bit	4184	static
../Core/Src/main.c:440:6:bit_detect	16	static
../Core/Src/main.c:456:6:process_data	24	static
../Core/Src/main.c:494:6:HAL_ADC_ConvHalfCpltCallback	16	static
../Core/Src/main.c:499:6:HAL_ADC_ConvCpltCallback	16	static
../Core/Src/main.c:503:6:HAL_TIM_PeriodElapsedCallback	16	static
../Core/Src/main.c:512:6:Error_Handler	4	static,ignoring_inline_asm
