../Core/Src/main.c:108:5:main	8	static
../Core/Src/main.c:191:6:SystemClock_Config	96	static
../Core/Src/main.c:242:13:MX_I2C1_Init	8	static
../Core/Src/main.c:290:13:MX_SPI3_Init	8	static
../Core/Src/main.c:330:13:MX_USART2_UART_Init	8	static
../Core/Src/main.c:365:13:MX_GPIO_Init	40	static
../Core/Src/main.c:391:6:lcd_write_nibble	32	static
../Core/Src/main.c:402:6:lcd_send_cmd	24	static
../Core/Src/main.c:412:6:lcd_send_data	24	static
../Core/Src/main.c:419:6:lcd_init	8	static
../Core/Src/main.c:435:6:lcd_write_string	16	static
../Core/Src/main.c:441:6:lcd_set_cursor	24	static
../Core/Src/main.c:457:6:lcd_clear	8	static
../Core/Src/main.c:462:6:lcd_backlight	16	static
../Core/Src/main.c:470:6:process_SD_card	4184	static
../Core/Src/main.c:547:6:Error_Handler	4	static,ignoring_inline_asm
