Archive member included to satisfy reference by file (symbol)

C:/ST/STM32CubeIDE_1.13.2/STM32CubeIDE/plugins/com.st.stm32cube.ide.mcu.externaltools.gnu-tools-for-stm32.11.3.rel1.win32_1.1.100.202309141235/tools/bin/../lib/gcc/arm-none-eabi/11.3.1/../../../../arm-none-eabi/lib/thumb/v7e-m+fp/hard\libc_nano.a(libc_a-exit.o)
                              C:/ST/STM32CubeIDE_1.13.2/STM32CubeIDE/plugins/com.st.stm32cube.ide.mcu.externaltools.gnu-tools-for-stm32.11.3.rel1.win32_1.1.100.202309141235/tools/bin/../lib/gcc/arm-none-eabi/11.3.1/../../../../arm-none-eabi/lib/thumb/v7e-m+fp/hard/crt0.o (exit)
C:/ST/STM32CubeIDE_1.13.2/STM32CubeIDE/plugins/com.st.stm32cube.ide.mcu.externaltools.gnu-tools-for-stm32.11.3.rel1.win32_1.1.100.202309141235/tools/bin/../lib/gcc/arm-none-eabi/11.3.1/../../../../arm-none-eabi/lib/thumb/v7e-m+fp/hard\libc_nano.a(libc_a-findfp.o)
                              C:/ST/STM32CubeIDE_1.13.2/STM32CubeIDE/plugins/com.st.stm32cube.ide.mcu.externaltools.gnu-tools-for-stm32.11.3.rel1.win32_1.1.100.202309141235/tools/bin/../lib/gcc/arm-none-eabi/11.3.1/../../../../arm-none-eabi/lib/thumb/v7e-m+fp/hard\libc_nano.a(libc_a-exit.o) (__stdio_exit_handler)
C:/ST/STM32CubeIDE_1.13.2/STM32CubeIDE/plugins/com.st.stm32cube.ide.mcu.externaltools.gnu-tools-for-stm32.11.3.rel1.win32_1.1.100.202309141235/tools/bin/../lib/gcc/arm-none-eabi/11.3.1/../../../../arm-none-eabi/lib/thumb/v7e-m+fp/hard\libc_nano.a(libc_a-fwalk.o)
                              C:/ST/STM32CubeIDE_1.13.2/STM32CubeIDE/plugins/com.st.stm32cube.ide.mcu.externaltools.gnu-tools-for-stm32.11.3.rel1.win32_1.1.100.202309141235/tools/bin/../lib/gcc/arm-none-eabi/11.3.1/../../../../arm-none-eabi/lib/thumb/v7e-m+fp/hard\libc_nano.a(libc_a-findfp.o) (_fwalk_sglue)
C:/ST/STM32CubeIDE_1.13.2/STM32CubeIDE/plugins/com.st.stm32cube.ide.mcu.externaltools.gnu-tools-for-stm32.11.3.rel1.win32_1.1.100.202309141235/tools/bin/../lib/gcc/arm-none-eabi/11.3.1/../../../../arm-none-eabi/lib/thumb/v7e-m+fp/hard\libc_nano.a(libc_a-stdio.o)
                              C:/ST/STM32CubeIDE_1.13.2/STM32CubeIDE/plugins/com.st.stm32cube.ide.mcu.externaltools.gnu-tools-for-stm32.11.3.rel1.win32_1.1.100.202309141235/tools/bin/../lib/gcc/arm-none-eabi/11.3.1/../../../../arm-none-eabi/lib/thumb/v7e-m+fp/hard\libc_nano.a(libc_a-findfp.o) (__sread)
C:/ST/STM32CubeIDE_1.13.2/STM32CubeIDE/plugins/com.st.stm32cube.ide.mcu.externaltools.gnu-tools-for-stm32.11.3.rel1.win32_1.1.100.202309141235/tools/bin/../lib/gcc/arm-none-eabi/11.3.1/../../../../arm-none-eabi/lib/thumb/v7e-m+fp/hard\libc_nano.a(libc_a-memset.o)
                              C:/ST/STM32CubeIDE_1.13.2/STM32CubeIDE/plugins/com.st.stm32cube.ide.mcu.externaltools.gnu-tools-for-stm32.11.3.rel1.win32_1.1.100.202309141235/tools/bin/../lib/gcc/arm-none-eabi/11.3.1/../../../../arm-none-eabi/lib/thumb/v7e-m+fp/hard/crt0.o (memset)
C:/ST/STM32CubeIDE_1.13.2/STM32CubeIDE/plugins/com.st.stm32cube.ide.mcu.externaltools.gnu-tools-for-stm32.11.3.rel1.win32_1.1.100.202309141235/tools/bin/../lib/gcc/arm-none-eabi/11.3.1/../../../../arm-none-eabi/lib/thumb/v7e-m+fp/hard\libc_nano.a(libc_a-closer.o)
                              C:/ST/STM32CubeIDE_1.13.2/STM32CubeIDE/plugins/com.st.stm32cube.ide.mcu.externaltools.gnu-tools-for-stm32.11.3.rel1.win32_1.1.100.202309141235/tools/bin/../lib/gcc/arm-none-eabi/11.3.1/../../../../arm-none-eabi/lib/thumb/v7e-m+fp/hard\libc_nano.a(libc_a-stdio.o) (_close_r)
C:/ST/STM32CubeIDE_1.13.2/STM32CubeIDE/plugins/com.st.stm32cube.ide.mcu.externaltools.gnu-tools-for-stm32.11.3.rel1.win32_1.1.100.202309141235/tools/bin/../lib/gcc/arm-none-eabi/11.3.1/../../../../arm-none-eabi/lib/thumb/v7e-m+fp/hard\libc_nano.a(libc_a-reent.o)
                              C:/ST/STM32CubeIDE_1.13.2/STM32CubeIDE/plugins/com.st.stm32cube.ide.mcu.externaltools.gnu-tools-for-stm32.11.3.rel1.win32_1.1.100.202309141235/tools/bin/../lib/gcc/arm-none-eabi/11.3.1/../../../../arm-none-eabi/lib/thumb/v7e-m+fp/hard\libc_nano.a(libc_a-closer.o) (errno)
C:/ST/STM32CubeIDE_1.13.2/STM32CubeIDE/plugins/com.st.stm32cube.ide.mcu.externaltools.gnu-tools-for-stm32.11.3.rel1.win32_1.1.100.202309141235/tools/bin/../lib/gcc/arm-none-eabi/11.3.1/../../../../arm-none-eabi/lib/thumb/v7e-m+fp/hard\libc_nano.a(libc_a-impure.o)
                              C:/ST/STM32CubeIDE_1.13.2/STM32CubeIDE/plugins/com.st.stm32cube.ide.mcu.externaltools.gnu-tools-for-stm32.11.3.rel1.win32_1.1.100.202309141235/tools/bin/../lib/gcc/arm-none-eabi/11.3.1/../../../../arm-none-eabi/lib/thumb/v7e-m+fp/hard\libc_nano.a(libc_a-reent.o) (_impure_ptr)
C:/ST/STM32CubeIDE_1.13.2/STM32CubeIDE/plugins/com.st.stm32cube.ide.mcu.externaltools.gnu-tools-for-stm32.11.3.rel1.win32_1.1.100.202309141235/tools/bin/../lib/gcc/arm-none-eabi/11.3.1/../../../../arm-none-eabi/lib/thumb/v7e-m+fp/hard\libc_nano.a(libc_a-lseekr.o)
[...]
Memory Configuration

Name             Origin             Length             Attributes
RAM              0x0000000020000000 0x0000000000010000 xrw
RAM2             0x0000000010000000 0x0000000000004000 xrw
FLASH            0x0000000008000000 0x0000000000040000 xr
*default*        0x0000000000000000 0xffffffffffffffff

Linker script and memory map

LOAD C:/ST/STM32CubeIDE_1.13.2/STM32CubeIDE/plugins/com.st.stm32cube.ide.mcu.externaltools.gnu-tools-for-stm32.11.3.rel1.win32_1.1.100.202309141235/tools/bin/../lib/gcc/arm-none-eabi/11.3.1/thumb/v7e-m+fp/hard/crti.o
LOAD C:/ST/STM32CubeIDE_1.13.2/STM32CubeIDE/plugins/com.st.stm32cube.ide.mcu.externaltools.gnu-tools-for-stm32.11.3.rel1.win32_1.1.100.202309141235/tools/bin/../lib/gcc/arm-none-eabi/11.3.1/thumb/v7e-m+fp/hard/crtbegin.o
LOAD C:/ST/STM32CubeIDE_1.13.2/STM32CubeIDE/plugins/com.st.stm32cube.ide.mcu.externaltools.gnu-tools-for-stm32.11.3.rel1.win32_1.1.100.202309141235/tools/bin/../lib/gcc/arm-none-eabi/11.3.1/../../../../arm-none-eabi/lib/thumb/v7e-m+fp/hard/crt0.o
LOAD ./Core/Src/fatfs_sd_card.o
LOAD ./Core/Src/main.o
LOAD ./Core/Src/stm32l4xx_hal_msp.o
LOAD ./Core/Src/stm32l4xx_it.o
LOAD ./Core/Src/syscalls.o
LOAD ./Core/Src/sysmem.o
LOAD ./Core/Src/system_stm32l4xx.o
LOAD ./Core/Startup/startup_stm32l432kcux.o
LOAD ./Drivers/STM32L4xx_HAL_Driver/Src/stm32l4xx_hal.o
LOAD ./Drivers/STM32L4xx_HAL_Driver/Src/stm32l4xx_hal_cortex.o
LOAD ./Drivers/STM32L4xx_HAL_Driver/Src/stm32l4xx_hal_dma.o
LOAD ./Drivers/STM32L4xx_HAL_Driver/Src/stm32l4xx_hal_dma_ex.o
LOAD ./Drivers/STM32L4xx_HAL_Driver/Src/stm32l4xx_hal_exti.o
LOAD ./Drivers/STM32L4xx_HAL_Driver/Src/stm32l4xx_hal_flash.o
LOAD ./Drivers/STM32L4xx_HAL_Driver/Src/stm32l4xx_hal_flash_ex.o
LOAD ./Drivers/STM32L4xx_HAL_Driver/Src/stm32l4xx_hal_flash_ramfunc.o
LOAD ./Drivers/STM32L4xx_HAL_Driver/Src/stm32l4xx_hal_gpio.o
LOAD ./Drivers/STM32L4xx_HAL_Driver/Src/stm32l4xx_hal_i2c.o
LOAD ./Drivers/STM32L4xx_HAL_Driver/Src/stm32l4xx_hal_i2c_ex.o
LOAD ./Drivers/STM32L4xx_HAL_Driver/Src/stm32l4xx_hal_pwr.o
LOAD ./Drivers/STM32L4xx_HAL_Driver/Src/stm32l4xx_hal_pwr_ex.o
LOAD ./Drivers/STM32L4xx_HAL_Driver/Src/stm32l4xx_hal_rcc.o
LOAD ./Drivers/STM32L4xx_HAL_Driver/Src/stm32l4xx_hal_rcc_ex.o
LOAD ./Drivers/STM32L4xx_HAL_Driver/Src/stm32l4xx_hal_spi.o
LOAD ./Drivers/STM32L4xx_HAL_Driver/Src/stm32l4xx_hal_spi_ex.o
LOAD ./Drivers/STM32L4xx_HAL_Driver/Src/stm32l4xx_hal_tim.o
LOAD ./Drivers/STM32L4xx_HAL_Driver/Src/stm32l4xx_hal_tim_ex.o
LOAD ./Drivers/STM32L4xx_HAL_Driver/Src/stm32l4xx_hal_uart.o
LOAD ./Drivers/STM32L4xx_HAL_Driver/Src/stm32l4xx_hal_uart_ex.o
LOAD ./FATFS/App/fatfs.o
LOAD ./FATFS/Target/user_diskio.o
LOAD ./Middlewares/Third_Party/FatFs/src/diskio.o
LOAD ./Middlewares/Third_Party/FatFs/src/ff.o
LOAD ./Middlewares/Third_Party/FatFs/src/ff_gen_drv.o
LOAD ./Middlewares/Third_Party/FatFs/src/option/ccsbcs.o
LOAD ./Middlewares/Third_Party/FatFs/src/option/syscall.o
START GROUP
LOAD C:/ST/STM32CubeIDE_1.13.2/STM32CubeIDE/plugins/com.st.stm32cube.ide.mcu.externaltools.gnu-tools-for-stm32.11.3.rel1.win32_1.1.100.202309141235/tools/bin/../lib/gcc/arm-none-eabi/11.3.1/../../../../arm-none-eabi/lib/thumb/v7e-m+fp/hard\libc_nano.a
LOAD C:/ST/STM32CubeIDE_1.13.2/STM32CubeIDE/plugins/com.st.stm32cube.ide.mcu.externaltools.gnu-tools-for-stm32.11.3.rel1.win32_1.1.100.202309141235/tools/bin/../lib/gcc/arm-none-eabi/11.3.1/../../../../arm-none-eabi/lib/thumb/v7e-m+fp/hard\libm.a
END GROUP
START GROUP
LOAD C:/ST/STM32CubeIDE_1.13.2/STM32CubeIDE/plugins/com.st.stm32cube.ide.mcu.externaltools.gnu-tools-for-stm32.11.3.rel1.win32_1.1.100.202309141235/tools/bin/../lib/gcc/arm-none-eabi/11.3.1/thumb/v7e-m+fp/hard\libgcc.a
LOAD C:/ST/STM32CubeIDE_1.13.2/STM32CubeIDE/plugins/com.st.stm32cube.ide.mcu.externaltools.gnu-tools-for-stm32.11.3.rel1.win32_1.1.100.202309141235/tools/bin/../lib/gcc/arm-none-eabi/11.3.1/../../../../arm-none-eabi/lib/thumb/v7e-m+fp/hard\libc_nano.a
END GROUP
START GROUP
LOAD C:/ST/STM32CubeIDE_1.13.2/STM32CubeIDE/plugins/com.st.stm32cube.ide.mcu.externaltools.gnu-tools-for-stm32.11.3.rel1.win32_1.1.100.202309141235/tools/bin/../lib/gcc/arm-none-eabi/11.3.1/thumb/v7e-m+fp/hard\libgcc.a
LOAD C:/ST/STM32CubeIDE_1.13.2/STM32CubeIDE/plugins/com.st.stm32cube.ide.mcu.externaltools.gnu-tools-for-stm32.11.3.rel1.win32_1.1.100.202309141235/tools/bin/../lib/gcc/arm-none-eabi/11.3.1/../../../../arm-none-eabi/lib/thumb/v7e-m+fp/hard\libc_nano.a
LOAD C:/ST/STM32CubeIDE_1.13.2/STM32CubeIDE/plugins/com.st.stm32cube.ide.mcu.externaltools.gnu-tools-for-stm32.11.3.rel1.win32_1.1.100.202309141235/tools/bin/../lib/gcc/arm-none-eabi/11.3.1/../../../../arm-none-eabi/lib/thumb/v7e-m+fp/hard\libnosys.a
END GROUP
START GROUP
LOAD C:/ST/STM32CubeIDE_1.13.2/STM32CubeIDE/plugins/com.st.stm32cube.ide.mcu.externaltools.gnu-tools-for-stm32.11.3.rel1.win32_1.1.100.202309141235/tools/bin/../lib/gcc/arm-none-eabi/11.3.1/thumb/v7e-m+fp/hard\libgcc.a
LOAD C:/ST/STM32CubeIDE_1.13.2/STM32CubeIDE/plugins/com.st.stm32cube.ide.mcu.externaltools.gnu-tools-for-stm32.11.3.rel1.win32_1.1.100.202309141235/tools/bin/../lib/gcc/arm-none-eabi/11.3.1/../../../../arm-none-eabi/lib/thumb/v7e-m+fp/hard\libc_nano.a
LOAD C:/ST/STM32CubeIDE_1.13.2/STM32CubeIDE/plugins/com.st.stm32cube.ide.mcu.externaltools.gnu-tools-for-stm32.11.3.rel1.win32_1.1.100.202309141235/tools/bin/../lib/gcc/arm-none-eabi/11.3.1/../../../../arm-none-eabi/lib/thumb/v7e-m+fp/hard\libnosys.a
END GROUP
LOAD C:/ST/STM32CubeIDE_1.13.2/STM32CubeIDE/plugins/com.st.stm32cube.ide.mcu.externaltools.gnu-tools-for-stm32.11.3.rel1.win32_1.1.100.202309141235/tools/bin/../lib/gcc/arm-none-eabi/11.3.1/thumb/v7e-m+fp/hard/crtend.o
LOAD C:/ST/STM32CubeIDE_1.13.2/STM32CubeIDE/plugins/com.st.stm32cube.ide.mcu.externaltools.gnu-tools-for-stm32.11.3.rel1.win32_1.1.100.202309141235/tools/bin/../lib/gcc/arm-none-eabi/11.3.1/thumb/v7e-m+fp/hard/crtn.o
                0x0000000020010000                _estack = (ORIGIN (RAM) + LENGTH (RAM))
                0x0000000000000200                _Min_Heap_Size = 0x200
                0x0000000000000400                _Min_Stack_Size = 0x400

.isr_vector     0x0000000008000000      0x18c
                0x0000000008000000                . = ALIGN (0x4)
 *(.isr_vector)
 .isr_vector    0x0000000008000000      0x18c ./Core/Startup/startup_stm32l432kcux.o
                0x0000000008000000                g_pfnVectors
                0x000000000800018c                . = ALIGN (0x4)

.text           0x000000000800018c     0x7e20
                0x000000000800018c                . = ALIGN (0x4)
 *(.text)
 .text          0x000000000800018c       0x40 C:/ST/STM32CubeIDE_1.13.2/STM32CubeIDE/plugins/com.st.stm32cube.ide.mcu.externaltools.gnu-tools-for-stm32.11.3.rel1.win32_1.1.100.202309141235/tools/bin/../lib/gcc/arm-none-eabi/11.3.1/thumb/v7e-m+fp/hard/crtbegin.o
 .text          0x00000000080001cc       0x30 C:/ST/STM32CubeIDE_1.13.2/STM32CubeIDE/plugins/com.st.stm32cube.ide.mcu.externaltools.gnu-tools-for-stm32.11.3.rel1.win32_1.1.100.202309141235/tools/bin/../lib/gcc/arm-none-eabi/11.3.1/thumb/v7e-m+fp/hard\libgcc.a(_aeabi_uldivmod.o)
                0x00000000080001cc                __aeabi_uldivmod
 .text          0x00000000080001fc      0x2c8 C:/ST/STM32CubeIDE_1.13.2/STM32CubeIDE/plugins/com.st.stm32cube.ide.mcu.externaltools.gnu-tools-for-stm32.11.3.rel1.win32_1.1.100.202309141235/tools/bin/../lib/gcc/arm-none-eabi/11.3.1/thumb/v7e-m+fp/hard\libgcc.a(_udivmoddi4.o)
                0x00000000080001fc                __udivmoddi4
 .text          0x00000000080004c4        0x4 C:/ST/STM32CubeIDE_1.13.2/STM32CubeIDE/plugins/com.st.stm32cube.ide.mcu.externaltools.gnu-tools-for-stm32.11.3.rel1.win32_1.1.100.202309141235/tools/bin/../lib/gcc/arm-none-eabi/11.3.1/thumb/v7e-m+fp/hard\libgcc.a(_dvmd_tls.o)
                0x00000000080004c4                __aeabi_idiv0
                0x00000000080004c4                __aeabi_ldiv0
 *(.text*)
 .text.SELECT   0x00000000080004c8       0x20 ./Core/Src/fatfs_sd_card.o
 .text.DESELECT
                0x00000000080004e8       0x20 ./Core/Src/fatfs_sd_card.o
 .text.SPI_TxByte
                0x0000000008000508       0x34 ./Core/Src/fatfs_sd_card.o
 .text.SPI_TxBuffer
                0x000000000800053c       0x34 ./Core/Src/fatfs_sd_card.o
 .text.SPI_RxByte
                0x0000000008000570       0x38 ./Core/Src/fatfs_sd_card.o
 .text.SPI_RxBytePtr
                0x00000000080005a8       0x1c ./Core/Src/fatfs_sd_card.o
 .text.SD_ReadyWait
                0x00000000080005c4       0x34 ./Core/Src/fatfs_sd_card.o
 .text.SD_PowerOn
                0x00000000080005f8       0x84 ./Core/Src/fatfs_sd_card.o
 .text.SD_PowerOff
                0x000000000800067c       0x18 ./Core/Src/fatfs_sd_card.o
 .text.SD_CheckPower
                0x0000000008000694       0x18 ./Core/Src/fatfs_sd_card.o
 .text.SD_RxDataBlock
                0x00000000080006ac       0x5c ./Core/Src/fatfs_sd_card.o
 .text.SD_TxDataBlock
                0x0000000008000708       0x86 ./Core/Src/fatfs_sd_card.o
 .text.SD_SendCmd
                0x000000000800078e       0xa8 ./Core/Src/fatfs_sd_card.o
 *fill*         0x0000000008000836        0x2 
 .text.SD_disk_initialize
                0x0000000008000838      0x1cc ./Core/Src/fatfs_sd_card.o
                0x0000000008000838                SD_disk_initialize
 .text.SD_disk_status
                0x0000000008000a04       0x2c ./Core/Src/fatfs_sd_card.o
                0x0000000008000a04                SD_disk_status
 .text.SD_disk_read
                0x0000000008000a30       0xd4 ./Core/Src/fatfs_sd_card.o
                0x0000000008000a30                SD_disk_read
 .text.SD_disk_write
                0x0000000008000b04      0x108 ./Core/Src/fatfs_sd_card.o
                0x0000000008000b04                SD_disk_write
 .text.SD_disk_ioctl
                0x0000000008000c0c      0x258 ./Core/Src/fatfs_sd_card.o
                0x0000000008000c0c                SD_disk_ioctl
 .text.main     0x0000000008000e64       0x60 ./Core/Src/main.o
                0x0000000008000e64                main
 .text.SystemClock_Config
                0x0000000008000ec4       0xc4 ./Core/Src/main.o
                0x0000000008000ec4                SystemClock_Config
 .text.MX_I2C1_Init
                0x0000000008000f88       0x80 ./Core/Src/main.o
 .text.MX_SPI3_Init
                0x0000000008001008       0x7c ./Core/Src/main.o
 .text.MX_USART2_UART_Init
                0x0000000008001084       0x60 ./Core/Src/main.o
 .text.MX_GPIO_Init
                0x00000000080010e4       0x98 ./Core/Src/main.o
 .text.lcd_write_nibble
                0x000000000800117c       0x84 ./Core/Src/main.o
                0x000000000800117c                lcd_write_nibble
 .text.lcd_send_cmd
                0x0000000008001200       0x46 ./Core/Src/main.o
                0x0000000008001200                lcd_send_cmd
 .text.lcd_send_data
                0x0000000008001246       0x34 ./Core/Src/main.o
                0x0000000008001246                lcd_send_data
 .text.lcd_init
                0x000000000800127a       0x5e ./Core/Src/main.o
                0x000000000800127a                lcd_init
 .text.lcd_write_string
                0x00000000080012d8       0x2a ./Core/Src/main.o
                0x00000000080012d8                lcd_write_string
 .text.lcd_set_cursor
                0x0000000008001302       0x4a ./Core/Src/main.o
                0x0000000008001302                lcd_set_cursor
 .text.lcd_clear
                0x000000000800134c       0x14 ./Core/Src/main.o
                0x000000000800134c                lcd_clear
 .text.lcd_backlight
                0x0000000008001360       0x30 ./Core/Src/main.o
                0x0000000008001360                lcd_backlight
 .text.process_SD_card
                0x0000000008001390      0x14c ./Core/Src/main.o
                0x0000000008001390                process_SD_card
 .text.Error_Handler
                0x00000000080014dc        0xa ./Core/Src/main.o
                0x00000000080014dc                Error_Handler
 *fill*         0x00000000080014e6        0x2 
 .text.HAL_MspInit
                0x00000000080014e8       0x48 ./Core/Src/stm32l4xx_hal_msp.o
                0x00000000080014e8                HAL_MspInit
 .text.HAL_I2C_MspInit
                0x0000000008001530       0xb0 ./Core/Src/stm32l4xx_hal_msp.o
                0x0000000008001530                HAL_I2C_MspInit
 .text.HAL_SPI_MspInit
                0x00000000080015e0       0x88 ./Core/Src/stm32l4xx_hal_msp.o
                0x00000000080015e0                HAL_SPI_MspInit
 .text.HAL_UART_MspInit
                0x0000000008001668       0xd4 ./Core/Src/stm32l4xx_hal_msp.o
                0x0000000008001668                HAL_UART_MspInit
 .text.NMI_Handler
                0x000000000800173c        0x6 ./Core/Src/stm32l4xx_it.o
                0x000000000800173c                NMI_Handler
 .text.HardFault_Handler
                0x0000000008001742        0x6 ./Core/Src/stm32l4xx_it.o
                0x0000000008001742                HardFault_Handler
 .text.MemManage_Handler
                0x0000000008001748        0x6 ./Core/Src/stm32l4xx_it.o
                0x0000000008001748                MemManage_Handler
 .text.BusFault_Handler
                0x000000000800174e        0x6 ./Core/Src/stm32l4xx_it.o
                0x000000000800174e                BusFault_Handler
 .text.UsageFault_Handler
                0x0000000008001754        0x6 ./Core/Src/stm32l4xx_it.o
                0x0000000008001754                UsageFault_Handler
 .text.SVC_Handler
                0x000000000800175a        0xe ./Core/Src/stm32l4xx_it.o
                0x000000000800175a                SVC_Handler
 .text.DebugMon_Handler
                0x0000000008001768        0xe ./Core/Src/stm32l4xx_it.o
                0x0000000008001768                DebugMon_Handler
 .text.PendSV_Handler
                0x0000000008001776        0xe ./Core/Src/stm32l4xx_it.o
                0x0000000008001776                PendSV_Handler
 .text.SysTick_Handler
                0x0000000008001784       0x3c ./Core/Src/stm32l4xx_it.o
                0x0000000008001784                SysTick_Handler
 .text.SystemInit
                0x00000000080017c0       0x24 ./Core/Src/system_stm32l4xx.o
                0x00000000080017c0                SystemInit
 .text.Reset_Handler
                0x00000000080017e4       0x50 ./Core/Startup/startup_stm32l432kcux.o
                0x00000000080017e4                Reset_Handler
 .text.Default_Handler
                0x0000000008001834        0x2 ./Core/Startup/startup_stm32l432kcux.o
                0x0000000008001834                RTC_Alarm_IRQHandler
                0x0000000008001834                EXTI2_IRQHandler
                0x0000000008001834                TIM1_CC_IRQHandler
                0x0000000008001834                TSC_IRQHandler
                0x0000000008001834                TAMP_STAMP_IRQHandler
                0x0000000008001834                EXTI3_IRQHandler
                0x0000000008001834                LPTIM2_IRQHandler
                0x0000000008001834                I2C3_ER_IRQHandler
                0x0000000008001834                EXTI0_IRQHandler
                0x0000000008001834                CAN1_RX0_IRQHandler
                0x0000000008001834                FPU_IRQHandler
                0x0000000008001834                TIM1_UP_TIM16_IRQHandler
                0x0000000008001834                SPI1_IRQHandler
                0x0000000008001834                TIM6_DAC_IRQHandler
                0x0000000008001834                DMA2_Channel2_IRQHandler
                0x0000000008001834                DMA1_Channel4_IRQHandler
                0x0000000008001834                ADC1_IRQHandler
                0x0000000008001834                DMA1_Channel7_IRQHandler
                0x0000000008001834                CAN1_RX1_IRQHandler
                0x0000000008001834                DMA2_Channel1_IRQHandler
                0x0000000008001834                QUADSPI_IRQHandler
                0x0000000008001834                I2C1_EV_IRQHandler
                0x0000000008001834                DMA1_Channel6_IRQHandler
                0x0000000008001834                DMA2_Channel4_IRQHandler
                0x0000000008001834                RCC_IRQHandler
                0x0000000008001834                TIM1_TRG_COM_IRQHandler
                0x0000000008001834                DMA1_Channel1_IRQHandler
                0x0000000008001834                Default_Handler
                0x0000000008001834                DMA2_Channel7_IRQHandler
                0x0000000008001834                EXTI15_10_IRQHandler
                0x0000000008001834                TIM7_IRQHandler
                0x0000000008001834                I2C3_EV_IRQHandler
                0x0000000008001834                USB_IRQHandler
                0x0000000008001834                EXTI9_5_IRQHandler
                0x0000000008001834                RTC_WKUP_IRQHandler
                0x0000000008001834                PVD_PVM_IRQHandler
                0x0000000008001834                CAN1_TX_IRQHandler
                0x0000000008001834                DMA2_Channel5_IRQHandler
                0x0000000008001834                CRS_IRQHandler
                0x0000000008001834                DMA1_Channel5_IRQHandler
                0x0000000008001834                EXTI4_IRQHandler
                0x0000000008001834                RNG_IRQHandler
                0x0000000008001834                DMA1_Channel3_IRQHandler
                0x0000000008001834                COMP_IRQHandler
                0x0000000008001834                WWDG_IRQHandler
                0x0000000008001834                LPUART1_IRQHandler
                0x0000000008001834                DMA2_Channel6_IRQHandler
                0x0000000008001834                TIM2_IRQHandler
                0x0000000008001834                EXTI1_IRQHandler
                0x0000000008001834                USART2_IRQHandler
                0x0000000008001834                DMA1_Channel2_IRQHandler
                0x0000000008001834                CAN1_SCE_IRQHandler
                0x0000000008001834                FLASH_IRQHandler
                0x0000000008001834                USART1_IRQHandler
                0x0000000008001834                SPI3_IRQHandler
                0x0000000008001834                I2C1_ER_IRQHandler
                0x0000000008001834                SWPMI1_IRQHandler
                0x0000000008001834                LPTIM1_IRQHandler
                0x0000000008001834                SAI1_IRQHandler
                0x0000000008001834                DMA2_Channel3_IRQHandler
                0x0000000008001834                TIM1_BRK_TIM15_IRQHandler
 .text.HAL_Init
                0x0000000008001836       0x30 ./Drivers/STM32L4xx_HAL_Driver/Src/stm32l4xx_hal.o
                0x0000000008001836                HAL_Init
 *fill*         0x0000000008001866        0x2 
 .text.HAL_InitTick
                0x0000000008001868       0x78 ./Drivers/STM32L4xx_HAL_Driver/Src/stm32l4xx_hal.o
                0x0000000008001868                HAL_InitTick
 .text.HAL_IncTick
                0x00000000080018e0       0x28 ./Drivers/STM32L4xx_HAL_Driver/Src/stm32l4xx_hal.o
                0x00000000080018e0                HAL_IncTick
 .text.HAL_GetTick
                0x0000000008001908       0x18 ./Drivers/STM32L4xx_HAL_Driver/Src/stm32l4xx_hal.o
                0x0000000008001908                HAL_GetTick
 .text.HAL_Delay
                0x0000000008001920       0x48 ./Drivers/STM32L4xx_HAL_Driver/Src/stm32l4xx_hal.o
                0x0000000008001920                HAL_Delay
 .text.__NVIC_SetPriorityGrouping
                0x0000000008001968       0x48 ./Drivers/STM32L4xx_HAL_Driver/Src/stm32l4xx_hal_cortex.o
 .text.__NVIC_GetPriorityGrouping
                0x00000000080019b0       0x1c ./Drivers/STM32L4xx_HAL_Driver/Src/stm32l4xx_hal_cortex.o
 .text.__NVIC_SetPriority
                0x00000000080019cc       0x54 ./Drivers/STM32L4xx_HAL_Driver/Src/stm32l4xx_hal_cortex.o
 .text.NVIC_EncodePriority
                0x0000000008001a20       0x66 ./Drivers/STM32L4xx_HAL_Driver/Src/stm32l4xx_hal_cortex.o
 *fill*         0x0000000008001a86        0x2 
 .text.SysTick_Config
                0x0000000008001a88       0x44 ./Drivers/STM32L4xx_HAL_Driver/Src/stm32l4xx_hal_cortex.o
 .text.HAL_NVIC_SetPriorityGrouping
                0x0000000008001acc       0x16 ./Drivers/STM32L4xx_HAL_Driver/Src/stm32l4xx_hal_cortex.o
                0x0000000008001acc                HAL_NVIC_SetPriorityGrouping
 .text.HAL_NVIC_SetPriority
                0x0000000008001ae2       0x38 ./Drivers/STM32L4xx_HAL_Driver/Src/stm32l4xx_hal_cortex.o
                0x0000000008001ae2                HAL_NVIC_SetPriority
 .text.HAL_SYSTICK_Config
                0x0000000008001b1a       0x18 ./Drivers/STM32L4xx_HAL_Driver/Src/stm32l4xx_hal_cortex.o
                0x0000000008001b1a                HAL_SYSTICK_Config
 *fill*         0x0000000008001b32        0x2 
 .text.HAL_GPIO_Init
                0x0000000008001b34      0x2d4 ./Drivers/STM32L4xx_HAL_Driver/Src/stm32l4xx_hal_gpio.o
                0x0000000008001b34                HAL_GPIO_Init
 .text.HAL_GPIO_WritePin
                0x0000000008001e08       0x30 ./Drivers/STM32L4xx_HAL_Driver/Src/stm32l4xx_hal_gpio.o
                0x0000000008001e08                HAL_GPIO_WritePin
 .text.HAL_I2C_Init
                0x0000000008001e38      0x136 ./Drivers/STM32L4xx_HAL_Driver/Src/stm32l4xx_hal_i2c.o
                0x0000000008001e38                HAL_I2C_Init
 *fill*         0x0000000008001f6e        0x2 
 .text.HAL_I2C_Master_Transmit
                0x0000000008001f70      0x230 ./Drivers/STM32L4xx_HAL_Driver/Src/stm32l4xx_hal_i2c.o
                0x0000000008001f70                HAL_I2C_Master_Transmit
 .text.I2C_Flush_TXDR
                0x00000000080021a0       0x48 ./Drivers/STM32L4xx_HAL_Driver/Src/stm32l4xx_hal_i2c.o
 .text.I2C_WaitOnFlagUntilTimeout
                0x00000000080021e8       0x9e ./Drivers/STM32L4xx_HAL_Driver/Src/stm32l4xx_hal_i2c.o
 .text.I2C_WaitOnTXISFlagUntilTimeout
                0x0000000008002286       0x8e ./Drivers/STM32L4xx_HAL_Driver/Src/stm32l4xx_hal_i2c.o
 .text.I2C_WaitOnSTOPFlagUntilTimeout
                0x0000000008002314       0x86 ./Drivers/STM32L4xx_HAL_Driver/Src/stm32l4xx_hal_i2c.o
 *fill*         0x000000000800239a        0x2 
 .text.I2C_IsErrorOccurred
                0x000000000800239c      0x1c0 ./Drivers/STM32L4xx_HAL_Driver/Src/stm32l4xx_hal_i2c.o
 .text.I2C_TransferConfig
                0x000000000800255c       0x64 ./Drivers/STM32L4xx_HAL_Driver/Src/stm32l4xx_hal_i2c.o
 .text.HAL_I2CEx_ConfigAnalogFilter
                0x00000000080025c0       0x96 ./Drivers/STM32L4xx_HAL_Driver/Src/stm32l4xx_hal_i2c_ex.o
                0x00000000080025c0                HAL_I2CEx_ConfigAnalogFilter
 .text.HAL_I2CEx_ConfigDigitalFilter
                0x0000000008002656       0x98 ./Drivers/STM32L4xx_HAL_Driver/Src/stm32l4xx_hal_i2c_ex.o
                0x0000000008002656                HAL_I2CEx_ConfigDigitalFilter
 *fill*         0x00000000080026ee        0x2 
 .text.HAL_PWR_EnableBkUpAccess
                0x00000000080026f0       0x20 ./Drivers/STM32L4xx_HAL_Driver/Src/stm32l4xx_hal_pwr.o
                0x00000000080026f0                HAL_PWR_EnableBkUpAccess
 .text.HAL_PWREx_GetVoltageRange
                0x0000000008002710       0x1c ./Drivers/STM32L4xx_HAL_Driver/Src/stm32l4xx_hal_pwr_ex.o
                0x0000000008002710                HAL_PWREx_GetVoltageRange
 .text.HAL_PWREx_ControlVoltageScaling
                0x000000000800272c       0xac ./Drivers/STM32L4xx_HAL_Driver/Src/stm32l4xx_hal_pwr_ex.o
                0x000000000800272c                HAL_PWREx_ControlVoltageScaling
 .text.HAL_RCC_OscConfig
                0x00000000080027d8      0x828 ./Drivers/STM32L4xx_HAL_Driver/Src/stm32l4xx_hal_rcc.o
                0x00000000080027d8                HAL_RCC_OscConfig
 .text.HAL_RCC_ClockConfig
                0x0000000008003000      0x200 ./Drivers/STM32L4xx_HAL_Driver/Src/stm32l4xx_hal_rcc.o
                0x0000000008003000                HAL_RCC_ClockConfig
 .text.HAL_RCC_GetSysClockFreq
                0x0000000008003200      0x118 ./Drivers/STM32L4xx_HAL_Driver/Src/stm32l4xx_hal_rcc.o
                0x0000000008003200                HAL_RCC_GetSysClockFreq
 .text.HAL_RCC_GetHCLKFreq
                0x0000000008003318       0x18 ./Drivers/STM32L4xx_HAL_Driver/Src/stm32l4xx_hal_rcc.o
                0x0000000008003318                HAL_RCC_GetHCLKFreq
 .text.HAL_RCC_GetPCLK1Freq
                0x0000000008003330       0x2c ./Drivers/STM32L4xx_HAL_Driver/Src/stm32l4xx_hal_rcc.o
                0x0000000008003330                HAL_RCC_GetPCLK1Freq
 .text.HAL_RCC_GetPCLK2Freq
                0x000000000800335c       0x2c ./Drivers/STM32L4xx_HAL_Driver/Src/stm32l4xx_hal_rcc.o
                0x000000000800335c                HAL_RCC_GetPCLK2Freq
 .text.RCC_SetFlashLatencyFromMSIRange
                0x0000000008003388       0xc0 ./Drivers/STM32L4xx_HAL_Driver/Src/stm32l4xx_hal_rcc.o
 .text.HAL_RCCEx_PeriphCLKConfig
                0x0000000008003448      0x3ec ./Drivers/STM32L4xx_HAL_Driver/Src/stm32l4xx_hal_rcc_ex.o
                0x0000000008003448                HAL_RCCEx_PeriphCLKConfig
 .text.HAL_RCCEx_EnableMSIPLLMode
                0x0000000008003834       0x20 ./Drivers/STM32L4xx_HAL_Driver/Src/stm32l4xx_hal_rcc_ex.o
                0x0000000008003834                HAL_RCCEx_EnableMSIPLLMode
 .text.RCCEx_PLLSAI1_Config
                0x0000000008003854      0x1e4 ./Drivers/STM32L4xx_HAL_Driver/Src/stm32l4xx_hal_rcc_ex.o
 .text.HAL_SPI_Init
                0x0000000008003a38      0x146 ./Drivers/STM32L4xx_HAL_Driver/Src/stm32l4xx_hal_spi.o
                0x0000000008003a38                HAL_SPI_Init
 .text.HAL_SPI_Transmit
                0x0000000008003b7e      0x2ea ./Drivers/STM32L4xx_HAL_Driver/Src/stm32l4xx_hal_spi.o
                0x0000000008003b7e                HAL_SPI_Transmit
 .text.HAL_SPI_TransmitReceive
                0x0000000008003e68      0x444 ./Drivers/STM32L4xx_HAL_Driver/Src/stm32l4xx_hal_spi.o
                0x0000000008003e68                HAL_SPI_TransmitReceive
 .text.SPI_WaitFlagStateUntilTimeout
                0x00000000080042ac      0x110 ./Drivers/STM32L4xx_HAL_Driver/Src/stm32l4xx_hal_spi.o
 .text.SPI_WaitFifoStateUntilTimeout
                0x00000000080043bc      0x12c ./Drivers/STM32L4xx_HAL_Driver/Src/stm32l4xx_hal_spi.o
 .text.SPI_EndRxTxTransaction
                0x00000000080044e8       0x8c ./Drivers/STM32L4xx_HAL_Driver/Src/stm32l4xx_hal_spi.o
 .text.HAL_UART_Init
                0x0000000008004574       0x9c ./Drivers/STM32L4xx_HAL_Driver/Src/stm32l4xx_hal_uart.o
                0x0000000008004574                HAL_UART_Init
 .text.UART_SetConfig
                0x0000000008004610      0x458 ./Drivers/STM32L4xx_HAL_Driver/Src/stm32l4xx_hal_uart.o
                0x0000000008004610                UART_SetConfig
 .text.UART_AdvFeatureConfig
                0x0000000008004a68      0x144 ./Drivers/STM32L4xx_HAL_Driver/Src/stm32l4xx_hal_uart.o
                0x0000000008004a68                UART_AdvFeatureConfig
 .text.UART_CheckIdleState
                0x0000000008004bac      0x150 ./Drivers/STM32L4xx_HAL_Driver/Src/stm32l4xx_hal_uart.o
                0x0000000008004bac                UART_CheckIdleState
 .text.UART_WaitOnFlagUntilTimeout
                0x0000000008004cfc       0xce ./Drivers/STM32L4xx_HAL_Driver/Src/stm32l4xx_hal_uart.o
                0x0000000008004cfc                UART_WaitOnFlagUntilTimeout
 .text.UART_EndRxTransfer
                0x0000000008004dca       0xc8 ./Drivers/STM32L4xx_HAL_Driver/Src/stm32l4xx_hal_uart.o
 *fill*         0x0000000008004e92        0x2 
 .text.MX_FATFS_Init
                0x0000000008004e94       0x24 ./FATFS/App/fatfs.o
                0x0000000008004e94                MX_FATFS_Init
 .text.get_fattime
                0x0000000008004eb8       0x10 ./FATFS/App/fatfs.o
                0x0000000008004eb8                get_fattime
 .text.USER_initialize
                0x0000000008004ec8       0x1c ./FATFS/Target/user_diskio.o
                0x0000000008004ec8                USER_initialize
 .text.USER_status
                0x0000000008004ee4       0x1c ./FATFS/Target/user_diskio.o
                0x0000000008004ee4                USER_status
 .text.USER_read
                0x0000000008004f00       0x26 ./FATFS/Target/user_diskio.o
                0x0000000008004f00                USER_read
 .text.USER_write
                0x0000000008004f26       0x26 ./FATFS/Target/user_diskio.o
                0x0000000008004f26                USER_write
 .text.USER_ioctl
                0x0000000008004f4c       0x26 ./FATFS/Target/user_diskio.o
                0x0000000008004f4c                USER_ioctl
 *fill*         0x0000000008004f72        0x2 
 .text.disk_status
                0x0000000008004f74       0x34 ./Middlewares/Third_Party/FatFs/src/diskio.o
                0x0000000008004f74                disk_status
 .text.disk_initialize
                0x0000000008004fa8       0x4c ./Middlewares/Third_Party/FatFs/src/diskio.o
                0x0000000008004fa8                disk_initialize
 .text.disk_read
                0x0000000008004ff4       0x40 ./Middlewares/Third_Party/FatFs/src/diskio.o
                0x0000000008004ff4                disk_read
 .text.disk_write
                0x0000000008005034       0x40 ./Middlewares/Third_Party/FatFs/src/diskio.o
                0x0000000008005034                disk_write
 .text.disk_ioctl
                0x0000000008005074       0x3c ./Middlewares/Third_Party/FatFs/src/diskio.o
                0x0000000008005074                disk_ioctl
 .text.ld_word  0x00000000080050b0       0x30 ./Middlewares/Third_Party/FatFs/src/ff.o
 .text.ld_dword
                0x00000000080050e0       0x46 ./Middlewares/Third_Party/FatFs/src/ff.o
 .text.st_word  0x0000000008005126       0x36 ./Middlewares/Third_Party/FatFs/src/ff.o
 .text.st_dword
                0x000000000800515c       0x58 ./Middlewares/Third_Party/FatFs/src/ff.o
 .text.mem_cpy  0x00000000080051b4       0x42 ./Middlewares/Third_Party/FatFs/src/ff.o
 .text.mem_set  0x00000000080051f6       0x36 ./Middlewares/Third_Party/FatFs/src/ff.o
 .text.mem_cmp  0x000000000800522c       0x4e ./Middlewares/Third_Party/FatFs/src/ff.o
 .text.chk_chr  0x000000000800527a       0x36 ./Middlewares/Third_Party/FatFs/src/ff.o
 .text.chk_lock
                0x00000000080052b0       0xb8 ./Middlewares/Third_Party/FatFs/src/ff.o
 .text.enq_lock
                0x0000000008005368       0x44 ./Middlewares/Third_Party/FatFs/src/ff.o
 .text.inc_lock
                0x00000000080053ac      0x11c ./Middlewares/Third_Party/FatFs/src/ff.o
 .text.dec_lock
                0x00000000080054c8       0x78 ./Middlewares/Third_Party/FatFs/src/ff.o
 .text.clear_lock
                0x0000000008005540       0x48 ./Middlewares/Third_Party/FatFs/src/ff.o
 .text.sync_window
                0x0000000008005588       0x88 ./Middlewares/Third_Party/FatFs/src/ff.o
 .text.move_window
                0x0000000008005610       0x5a ./Middlewares/Third_Party/FatFs/src/ff.o
 *fill*         0x000000000800566a        0x2 
 .text.sync_fs  0x000000000800566c       0xe0 ./Middlewares/Third_Party/FatFs/src/ff.o
 .text.clust2sect
                0x000000000800574c       0x3e ./Middlewares/Third_Party/FatFs/src/ff.o
 .text.get_fat  0x000000000800578a      0x1a8 ./Middlewares/Third_Party/FatFs/src/ff.o
 .text.put_fat  0x0000000008005932      0x234 ./Middlewares/Third_Party/FatFs/src/ff.o
 .text.remove_chain
                0x0000000008005b66       0xca ./Middlewares/Third_Party/FatFs/src/ff.o
 .text.create_chain
                0x0000000008005c30      0x130 ./Middlewares/Third_Party/FatFs/src/ff.o
 .text.clmt_clust
                0x0000000008005d60       0x70 ./Middlewares/Third_Party/FatFs/src/ff.o
 .text.dir_sdi  0x0000000008005dd0      0x112 ./Middlewares/Third_Party/FatFs/src/ff.o
 .text.dir_next
                0x0000000008005ee2      0x1ac ./Middlewares/Third_Party/FatFs/src/ff.o
 .text.dir_alloc
                0x000000000800608e       0x8e ./Middlewares/Third_Party/FatFs/src/ff.o
 .text.ld_clust
                0x000000000800611c       0x3e ./Middlewares/Third_Party/FatFs/src/ff.o
 .text.st_clust
                0x000000000800615a       0x40 ./Middlewares/Third_Party/FatFs/src/ff.o
 *fill*         0x000000000800619a        0x2 
 .text.cmp_lfn  0x000000000800619c       0xe0 ./Middlewares/Third_Party/FatFs/src/ff.o
 .text.put_lfn  0x000000000800627c       0xd0 ./Middlewares/Third_Party/FatFs/src/ff.o
 .text.gen_numname
                0x000000000800634c      0x11c ./Middlewares/Third_Party/FatFs/src/ff.o
 .text.sum_sfn  0x0000000008006468       0x42 ./Middlewares/Third_Party/FatFs/src/ff.o
 .text.dir_find
                0x00000000080064aa      0x180 ./Middlewares/Third_Party/FatFs/src/ff.o
 *fill*         0x000000000800662a        0x2 
 .text.dir_register
                0x000000000800662c      0x1f0 ./Middlewares/Third_Party/FatFs/src/ff.o
 .text.create_name
                0x000000000800681c      0x370 ./Middlewares/Third_Party/FatFs/src/ff.o
 .text.follow_path
                0x0000000008006b8c       0xec ./Middlewares/Third_Party/FatFs/src/ff.o
 .text.get_ldnumber
                0x0000000008006c78       0x88 ./Middlewares/Third_Party/FatFs/src/ff.o
 .text.check_fs
                0x0000000008006d00       0xac ./Middlewares/Third_Party/FatFs/src/ff.o
 .text.find_volume
                0x0000000008006dac      0x50c ./Middlewares/Third_Party/FatFs/src/ff.o
 .text.validate
                0x00000000080072b8       0x6a ./Middlewares/Third_Party/FatFs/src/ff.o
 *fill*         0x0000000008007322        0x2 
 .text.f_mount  0x0000000008007324       0x8c ./Middlewares/Third_Party/FatFs/src/ff.o
                0x0000000008007324                f_mount
 .text.f_open   0x00000000080073b0      0x398 ./Middlewares/Third_Party/FatFs/src/ff.o
                0x00000000080073b0                f_open
 .text.f_write  0x0000000008007748      0x328 ./Middlewares/Third_Party/FatFs/src/ff.o
                0x0000000008007748                f_write
 .text.f_sync   0x0000000008007a70       0xfc ./Middlewares/Third_Party/FatFs/src/ff.o
                0x0000000008007a70                f_sync
 .text.f_close  0x0000000008007b6c       0x54 ./Middlewares/Third_Party/FatFs/src/ff.o
                0x0000000008007b6c                f_close
 .text.putc_bfd
                0x0000000008007bc0       0x7a ./Middlewares/Third_Party/FatFs/src/ff.o
 .text.putc_flush
                0x0000000008007c3a       0x4a ./Middlewares/Third_Party/FatFs/src/ff.o
 .text.putc_init
                0x0000000008007c84       0x2a ./Middlewares/Third_Party/FatFs/src/ff.o
 .text.f_puts   0x0000000008007cae       0x48 ./Middlewares/Third_Party/FatFs/src/ff.o
                0x0000000008007cae                f_puts
 *fill*         0x0000000008007cf6        0x2 
 .text.FATFS_LinkDriverEx
                0x0000000008007cf8       0x98 ./Middlewares/Third_Party/FatFs/src/ff_gen_drv.o
                0x0000000008007cf8                FATFS_LinkDriverEx
 .text.FATFS_LinkDriver
                0x0000000008007d90       0x1e ./Middlewares/Third_Party/FatFs/src/ff_gen_drv.o
                0x0000000008007d90                FATFS_LinkDriver
 *fill*         0x0000000008007dae        0x2 
 .text.ff_convert
                0x0000000008007db0       0x78 ./Middlewares/Third_Party/FatFs/src/option/ccsbcs.o
                0x0000000008007db0                ff_convert
 .text.ff_wtoupper
                0x0000000008007e28      0x114 ./Middlewares/Third_Party/FatFs/src/option/ccsbcs.o
                0x0000000008007e28                ff_wtoupper
 .text.memset   0x0000000008007f3c       0x10 C:/ST/STM32CubeIDE_1.13.2/STM32CubeIDE/plugins/com.st.stm32cube.ide.mcu.externaltools.gnu-tools-for-stm32.11.3.rel1.win32_1.1.100.202309141235/tools/bin/../lib/gcc/arm-none-eabi/11.3.1/../../../../arm-none-eabi/lib/thumb/v7e-m+fp/hard\libc_nano.a(libc_a-memset.o)
                0x0000000008007f3c                memset
 .text.__libc_init_array
                0x0000000008007f4c       0x48 C:/ST/STM32CubeIDE_1.13.2/STM32CubeIDE/plugins/com.st.stm32cube.ide.mcu.externaltools.gnu-tools-for-stm32.11.3.rel1.win32_1.1.100.202309141235/tools/bin/../lib/gcc/arm-none-eabi/11.3.1/../../../../arm-none-eabi/lib/thumb/v7e-m+fp/hard\libc_nano.a(libc_a-init.o)
                0x0000000008007f4c                __libc_init_array
 *(.glue_7)
 .glue_7        0x0000000008007f94        0x0 linker stubs
 *(.glue_7t)
 .glue_7t       0x0000000008007f94        0x0 linker stubs
 *(.eh_frame)
 .eh_frame      0x0000000008007f94        0x0 C:/ST/STM32CubeIDE_1.13.2/STM32CubeIDE/plugins/com.st.stm32cube.ide.mcu.externaltools.gnu-tools-for-stm32.11.3.rel1.win32_1.1.100.202309141235/tools/bin/../lib/gcc/arm-none-eabi/11.3.1/thumb/v7e-m+fp/hard/crtbegin.o
 *(.init)
 .init          0x0000000008007f94        0x4 C:/ST/STM32CubeIDE_1.13.2/STM32CubeIDE/plugins/com.st.stm32cube.ide.mcu.externaltools.gnu-tools-for-stm32.11.3.rel1.win32_1.1.100.202309141235/tools/bin/../lib/gcc/arm-none-eabi/11.3.1/thumb/v7e-m+fp/hard/crti.o
                0x0000000008007f94                _init
 .init          0x0000000008007f98        0x8 C:/ST/STM32CubeIDE_1.13.2/STM32CubeIDE/plugins/com.st.stm32cube.ide.mcu.externaltools.gnu-tools-for-stm32.11.3.rel1.win32_1.1.100.202309141235/tools/bin/../lib/gcc/arm-none-eabi/11.3.1/thumb/v7e-m+fp/hard/crtn.o
 *(.fini)
 .fini          0x0000000008007fa0        0x4 C:/ST/STM32CubeIDE_1.13.2/STM32CubeIDE/plugins/com.st.stm32cube.ide.mcu.externaltools.gnu-tools-for-stm32.11.3.rel1.win32_1.1.100.202309141235/tools/bin/../lib/gcc/arm-none-eabi/11.3.1/thumb/v7e-m+fp/hard/crti.o
                0x0000000008007fa0                _fini
 .fini          0x0000000008007fa4        0x8 C:/ST/STM32CubeIDE_1.13.2/STM32CubeIDE/plugins/com.st.stm32cube.ide.mcu.externaltools.gnu-tools-for-stm32.11.3.rel1.win32_1.1.100.202309141235/tools/bin/../lib/gcc/arm-none-eabi/11.3.1/thumb/v7e-m+fp/hard/crtn.o
                0x0000000008007fac                . = ALIGN (0x4)
                0x0000000008007fac                _etext = .

.vfp11_veneer   0x0000000008007fac        0x0
 .vfp11_veneer  0x0000000008007fac        0x0 linker stubs

.v4_bx          0x0000000008007fac        0x0
 .v4_bx         0x0000000008007fac        0x0 linker stubs

.iplt           0x0000000008007fac        0x0
 .iplt          0x0000000008007fac        0x0 C:/ST/STM32CubeIDE_1.13.2/STM32CubeIDE/plugins/com.st.stm32cube.ide.mcu.externaltools.gnu-tools-for-stm32.11.3.rel1.win32_1.1.100.202309141235/tools/bin/../lib/gcc/arm-none-eabi/11.3.1/thumb/v7e-m+fp/hard/crtbegin.o

.rodata         0x0000000008007fac      0x540
                0x0000000008007fac                . = ALIGN (0x4)
 *(.rodata)
 .rodata        0x0000000008007fac       0x6e ./Core/Src/main.o
 *fill*         0x000000000800801a        0x2 
 .rodata        0x000000000800801c       0x48 ./Middlewares/Third_Party/FatFs/src/ff.o
 *(.rodata*)
 .rodata.AHBPrescTable
                0x0000000008008064       0x10 ./Core/Src/system_stm32l4xx.o
                0x0000000008008064                AHBPrescTable
 .rodata.APBPrescTable
                0x0000000008008074        0x8 ./Core/Src/system_stm32l4xx.o
                0x0000000008008074                APBPrescTable
 .rodata.MSIRangeTable
                0x000000000800807c       0x30 ./Core/Src/system_stm32l4xx.o
                0x000000000800807c                MSIRangeTable
 .rodata.ExCvt  0x00000000080080ac       0x80 ./Middlewares/Third_Party/FatFs/src/ff.o
 .rodata.LfnOfs
                0x000000000800812c        0xd ./Middlewares/Third_Party/FatFs/src/ff.o
 *fill*         0x0000000008008139        0x3 
 .rodata.Tbl    0x000000000800813c      0x100 ./Middlewares/Third_Party/FatFs/src/option/ccsbcs.o
 .rodata.cvt1.1
                0x000000000800823c      0x1f2 ./Middlewares/Third_Party/FatFs/src/option/ccsbcs.o
 *fill*         0x000000000800842e        0x2 
 .rodata.cvt2.0
                0x0000000008008430       0xbc ./Middlewares/Third_Party/FatFs/src/option/ccsbcs.o
                0x00000000080084ec                . = ALIGN (0x4)

.ARM.extab      0x00000000080084ec        0x0
                0x00000000080084ec                . = ALIGN (0x4)
 *(.ARM.extab* .gnu.linkonce.armextab.*)
                0x00000000080084ec                . = ALIGN (0x4)

.ARM            0x00000000080084ec        0x8
                0x00000000080084ec                . = ALIGN (0x4)
                0x00000000080084ec                __exidx_start = .
 *(.ARM.exidx*)
 .ARM.exidx     0x00000000080084ec        0x8 C:/ST/STM32CubeIDE_1.13.2/STM32CubeIDE/plugins/com.st.stm32cube.ide.mcu.externaltools.gnu-tools-for-stm32.11.3.rel1.win32_1.1.100.202309141235/tools/bin/../lib/gcc/arm-none-eabi/11.3.1/thumb/v7e-m+fp/hard\libgcc.a(_udivmoddi4.o)
                0x00000000080084f4                __exidx_end = .
                0x00000000080084f4                . = ALIGN (0x4)

.rel.dyn        0x00000000080084f4        0x0
 .rel.iplt      0x00000000080084f4        0x0 C:/ST/STM32CubeIDE_1.13.2/STM32CubeIDE/plugins/com.st.stm32cube.ide.mcu.externaltools.gnu-tools-for-stm32.11.3.rel1.win32_1.1.100.202309141235/tools/bin/../lib/gcc/arm-none-eabi/11.3.1/thumb/v7e-m+fp/hard/crtbegin.o

.preinit_array  0x00000000080084f4        0x0
                0x00000000080084f4                . = ALIGN (0x4)
                0x00000000080084f4                PROVIDE (__preinit_array_start = .)
 *(.preinit_array*)
                0x00000000080084f4                PROVIDE (__preinit_array_end = .)
                0x00000000080084f4                . = ALIGN (0x4)

.init_array     0x00000000080084f4        0x4
                0x00000000080084f4                . = ALIGN (0x4)
                0x00000000080084f4                PROVIDE (__init_array_start = .)
 *(SORT_BY_NAME(.init_array.*))
 *(.init_array*)
 .init_array    0x00000000080084f4        0x4 C:/ST/STM32CubeIDE_1.13.2/STM32CubeIDE/plugins/com.st.stm32cube.ide.mcu.externaltools.gnu-tools-for-stm32.11.3.rel1.win32_1.1.100.202309141235/tools/bin/../lib/gcc/arm-none-eabi/11.3.1/thumb/v7e-m+fp/hard/crtbegin.o
                0x00000000080084f8                PROVIDE (__init_array_end = .)
                0x00000000080084f8                . = ALIGN (0x4)

.fini_array     0x00000000080084f8        0x4
                0x00000000080084f8                . = ALIGN (0x4)
                [!provide]                        PROVIDE (__fini_array_start = .)
 *(SORT_BY_NAME(.fini_array.*))
 *(.fini_array*)
 .fini_array    0x00000000080084f8        0x4 C:/ST/STM32CubeIDE_1.13.2/STM32CubeIDE/plugins/com.st.stm32cube.ide.mcu.externaltools.gnu-tools-for-stm32.11.3.rel1.win32_1.1.100.202309141235/tools/bin/../lib/gcc/arm-none-eabi/11.3.1/thumb/v7e-m+fp/hard/crtbegin.o
                [!provide]                        PROVIDE (__fini_array_end = .)
                0x00000000080084fc                . = ALIGN (0x4)
                0x00000000080084fc                _sidata = LOADADDR (.data)

.data           0x0000000020000000       0x24 load address 0x00000000080084fc
                0x0000000020000000                . = ALIGN (0x4)
                0x0000000020000000                _sdata = .
 *(.data)
 *(.data*)
 .data.Stat     0x0000000020000000        0x1 ./Core/Src/fatfs_sd_card.o
 .data.backlight_state
                0x0000000020000001        0x1 ./Core/Src/main.o
                0x0000000020000001                backlight_state
 *fill*         0x0000000020000002        0x2 
 .data.SystemCoreClock
                0x0000000020000004        0x4 ./Core/Src/system_stm32l4xx.o
                0x0000000020000004                SystemCoreClock
 .data.uwTickPrio
                0x0000000020000008        0x4 ./Drivers/STM32L4xx_HAL_Driver/Src/stm32l4xx_hal.o
                0x0000000020000008                uwTickPrio
 .data.uwTickFreq
                0x000000002000000c        0x1 ./Drivers/STM32L4xx_HAL_Driver/Src/stm32l4xx_hal.o
                0x000000002000000c                uwTickFreq
 *fill*         0x000000002000000d        0x3 
 .data.USER_Driver
                0x0000000020000010       0x14 ./FATFS/Target/user_diskio.o
                0x0000000020000010                USER_Driver
 *(.RamFunc)
 *(.RamFunc*)
                0x0000000020000024                . = ALIGN (0x4)
                0x0000000020000024                _edata = .

.igot.plt       0x0000000020000024        0x0 load address 0x0000000008008520
 .igot.plt      0x0000000020000024        0x0 C:/ST/STM32CubeIDE_1.13.2/STM32CubeIDE/plugins/com.st.stm32cube.ide.mcu.externaltools.gnu-tools-for-stm32.11.3.rel1.win32_1.1.100.202309141235/tools/bin/../lib/gcc/arm-none-eabi/11.3.1/thumb/v7e-m+fp/hard/crtbegin.o
                0x0000000020000024                . = ALIGN (0x4)

.bss            0x0000000020000024      0x3b8 load address 0x0000000008008520
                0x0000000020000024                _sbss = .
                0x0000000020000024                __bss_start__ = _sbss
 *(.bss)
 .bss           0x0000000020000024       0x1c C:/ST/STM32CubeIDE_1.13.2/STM32CubeIDE/plugins/com.st.stm32cube.ide.mcu.externaltools.gnu-tools-for-stm32.11.3.rel1.win32_1.1.100.202309141235/tools/bin/../lib/gcc/arm-none-eabi/11.3.1/thumb/v7e-m+fp/hard/crtbegin.o
 *(.bss*)
 .bss.Timer1    0x0000000020000040        0x2 ./Core/Src/fatfs_sd_card.o
                0x0000000020000040                Timer1
 .bss.Timer2    0x0000000020000042        0x2 ./Core/Src/fatfs_sd_card.o
                0x0000000020000042                Timer2
 .bss.CardType  0x0000000020000044        0x1 ./Core/Src/fatfs_sd_card.o
 .bss.PowerFlag
                0x0000000020000045        0x1 ./Core/Src/fatfs_sd_card.o
 *fill*         0x0000000020000046        0x2 
 .bss.hi2c1     0x0000000020000048       0x54 ./Core/Src/main.o
                0x0000000020000048                hi2c1
 .bss.hspi3     0x000000002000009c       0x64 ./Core/Src/main.o
                0x000000002000009c                hspi3
 .bss.huart2    0x0000000020000100       0x88 ./Core/Src/main.o
                0x0000000020000100                huart2
 .bss.text      0x0000000020000188       0x11 ./Core/Src/main.o
                0x0000000020000188                text
 *fill*         0x0000000020000199        0x3 
 .bss.uwTick    0x000000002000019c        0x4 ./Drivers/STM32L4xx_HAL_Driver/Src/stm32l4xx_hal.o
                0x000000002000019c                uwTick
 .bss.retUSER   0x00000000200001a0        0x1 ./FATFS/App/fatfs.o
                0x00000000200001a0                retUSER
 *fill*         0x00000000200001a1        0x3 
 .bss.USERPath  0x00000000200001a4        0x4 ./FATFS/App/fatfs.o
                0x00000000200001a4                USERPath
 .bss.FatFs     0x00000000200001a8        0x4 ./Middlewares/Third_Party/FatFs/src/ff.o
 .bss.Fsid      0x00000000200001ac        0x2 ./Middlewares/Third_Party/FatFs/src/ff.o
 *fill*         0x00000000200001ae        0x2 
 .bss.Files     0x00000000200001b0       0x20 ./Middlewares/Third_Party/FatFs/src/ff.o
 .bss.LfnBuf    0x00000000200001d0      0x200 ./Middlewares/Third_Party/FatFs/src/ff.o
 .bss.disk      0x00000000200003d0        0xc ./Middlewares/Third_Party/FatFs/src/ff_gen_drv.o
                0x00000000200003d0                disk
 *(COMMON)
                0x00000000200003dc                . = ALIGN (0x4)
                0x00000000200003dc                _ebss = .
                0x00000000200003dc                __bss_end__ = _ebss

._user_heap_stack
                0x00000000200003dc      0x604 load address 0x0000000008008520
                0x00000000200003e0                . = ALIGN (0x8)
 *fill*         0x00000000200003dc        0x4 
                [!provide]                        PROVIDE (end = .)
                0x00000000200003e0                PROVIDE (_end = .)
                0x00000000200005e0                . = (. + _Min_Heap_Size)
 *fill*         0x00000000200003e0      0x200 
                0x00000000200009e0                . = (. + _Min_Stack_Size)
 *fill*         0x00000000200005e0      0x400 
                0x00000000200009e0                . = ALIGN (0x8)

/DISCARD/
 libc.a(*)
 libm.a(*)
 libgcc.a(*)

.ARM.attributes
                0x0000000000000000       0x30
 *(.ARM.attributes)
 .ARM.attributes
                0x0000000000000000       0x1e C:/ST/STM32CubeIDE_1.13.2/STM32CubeIDE/plugins/com.st.stm32cube.ide.mcu.externaltools.gnu-tools-for-stm32.11.3.rel1.win32_1.1.100.202309141235/tools/bin/../lib/gcc/arm-none-eabi/11.3.1/thumb/v7e-m+fp/hard/crti.o
 .ARM.attributes
                0x000000000000001e       0x34 C:/ST/STM32CubeIDE_1.13.2/STM32CubeIDE/plugins/com.st.stm32cube.ide.mcu.externaltools.gnu-tools-for-stm32.11.3.rel1.win32_1.1.100.202309141235/tools/bin/../lib/gcc/arm-none-eabi/11.3.1/thumb/v7e-m+fp/hard/crtbegin.o
 .ARM.attributes
                0x0000000000000052       0x34 ./Core/Src/fatfs_sd_card.o
 .ARM.attributes
                0x0000000000000086       0x34 ./Core/Src/main.o
 .ARM.attributes
                0x00000000000000ba       0x34 ./Core/Src/stm32l4xx_hal_msp.o
 .ARM.attributes
                0x00000000000000ee       0x34 ./Core/Src/stm32l4xx_it.o
 .ARM.attributes
                0x0000000000000122       0x34 ./Core/Src/system_stm32l4xx.o
 .ARM.attributes
                0x0000000000000156       0x21 ./Core/Startup/startup_stm32l432kcux.o
 .ARM.attributes
                0x0000000000000177       0x34 ./Drivers/STM32L4xx_HAL_Driver/Src/stm32l4xx_hal.o
 .ARM.attributes
                0x00000000000001ab       0x34 ./Drivers/STM32L4xx_HAL_Driver/Src/stm32l4xx_hal_cortex.o
 .ARM.attributes
                0x00000000000001df       0x34 ./Drivers/STM32L4xx_HAL_Driver/Src/stm32l4xx_hal_gpio.o
 .ARM.attributes
                0x0000000000000213       0x34 ./Drivers/STM32L4xx_HAL_Driver/Src/stm32l4xx_hal_i2c.o
 .ARM.attributes
                0x0000000000000247       0x34 ./Drivers/STM32L4xx_HAL_Driver/Src/stm32l4xx_hal_i2c_ex.o
 .ARM.attributes
                0x000000000000027b       0x34 ./Drivers/STM32L4xx_HAL_Driver/Src/stm32l4xx_hal_pwr.o
 .ARM.attributes
                0x00000000000002af       0x34 ./Drivers/STM32L4xx_HAL_Driver/Src/stm32l4xx_hal_pwr_ex.o
 .ARM.attributes
                0x00000000000002e3       0x34 ./Drivers/STM32L4xx_HAL_Driver/Src/stm32l4xx_hal_rcc.o
 .ARM.attributes
                0x0000000000000317       0x34 ./Drivers/STM32L4xx_HAL_Driver/Src/stm32l4xx_hal_rcc_ex.o
 .ARM.attributes
                0x000000000000034b       0x34 ./Drivers/STM32L4xx_HAL_Driver/Src/stm32l4xx_hal_spi.o
 .ARM.attributes
                0x000000000000037f       0x34 ./Drivers/STM32L4xx_HAL_Driver/Src/stm32l4xx_hal_uart.o
 .ARM.attributes
                0x00000000000003b3       0x34 ./FATFS/App/fatfs.o
 .ARM.attributes
                0x00000000000003e7       0x34 ./FATFS/Target/user_diskio.o
 .ARM.attributes
                0x000000000000041b       0x34 ./Middlewares/Third_Party/FatFs/src/diskio.o
 .ARM.attributes
                0x000000000000044f       0x34 ./Middlewares/Third_Party/FatFs/src/ff.o
 .ARM.attributes
                0x0000000000000483       0x34 ./Middlewares/Third_Party/FatFs/src/ff_gen_drv.o
 .ARM.attributes
                0x00000000000004b7       0x34 ./Middlewares/Third_Party/FatFs/src/option/ccsbcs.o
 .ARM.attributes
                0x00000000000004eb       0x34 C:/ST/STM32CubeIDE_1.13.2/STM32CubeIDE/plugins/com.st.stm32cube.ide.mcu.externaltools.gnu-tools-for-stm32.11.3.rel1.win32_1.1.100.202309141235/tools/bin/../lib/gcc/arm-none-eabi/11.3.1/../../../../arm-none-eabi/lib/thumb/v7e-m+fp/hard\libc_nano.a(libc_a-memset.o)
 .ARM.attributes
                0x000000000000051f       0x34 C:/ST/STM32CubeIDE_1.13.2/STM32CubeIDE/plugins/com.st.stm32cube.ide.mcu.externaltools.gnu-tools-for-stm32.11.3.rel1.win32_1.1.100.202309141235/tools/bin/../lib/gcc/arm-none-eabi/11.3.1/../../../../arm-none-eabi/lib/thumb/v7e-m+fp/hard\libc_nano.a(libc_a-init.o)
 .ARM.attributes
                0x0000000000000553       0x1e C:/ST/STM32CubeIDE_1.13.2/STM32CubeIDE/plugins/com.st.stm32cube.ide.mcu.externaltools.gnu-tools-for-stm32.11.3.rel1.win32_1.1.100.202309141235/tools/bin/../lib/gcc/arm-none-eabi/11.3.1/thumb/v7e-m+fp/hard\libgcc.a(_aeabi_uldivmod.o)
 .ARM.attributes
                0x0000000000000571       0x34 C:/ST/STM32CubeIDE_1.13.2/STM32CubeIDE/plugins/com.st.stm32cube.ide.mcu.externaltools.gnu-tools-for-stm32.11.3.rel1.win32_1.1.100.202309141235/tools/bin/../lib/gcc/arm-none-eabi/11.3.1/thumb/v7e-m+fp/hard\libgcc.a(_udivmoddi4.o)
 .ARM.attributes
                0x00000000000005a5       0x1e C:/ST/STM32CubeIDE_1.13.2/STM32CubeIDE/plugins/com.st.stm32cube.ide.mcu.externaltools.gnu-tools-for-stm32.11.3.rel1.win32_1.1.100.202309141235/tools/bin/../lib/gcc/arm-none-eabi/11.3.1/thumb/v7e-m+fp/hard\libgcc.a(_dvmd_tls.o)
 .ARM.attributes
                0x00000000000005c3       0x1e C:/ST/STM32CubeIDE_1.13.2/STM32CubeIDE/plugins/com.st.stm32cube.ide.mcu.externaltools.gnu-tools-for-stm32.11.3.rel1.win32_1.1.100.202309141235/tools/bin/../lib/gcc/arm-none-eabi/11.3.1/thumb/v7e-m+fp/hard/crtn.o
OUTPUT(winchcontrol.elf elf32-littlearm)
LOAD linker stubs
LOAD C:/ST/STM32CubeIDE_1.13.2/STM32CubeIDE/plugins/com.st.stm32cube.ide.mcu.externaltools.gnu-tools-for-stm32.11.3.rel1.win32_1.1.100.202309141235/tools/bin/../lib/gcc/arm-none-eabi/11.3.1/../../../../arm-none-eabi/lib/thumb/v7e-m+fp/hard\libc.a
LOAD C:/ST/STM32CubeIDE_1.13.2/STM32CubeIDE/plugins/com.st.stm32cube.ide.mcu.externaltools.gnu-tools-for-stm32.11.3.rel1.win32_1.1.100.202309141235/tools/bin/../lib/gcc/arm-none-eabi/11.3.1/../../../../arm-none-eabi/lib/thumb/v7e-m+fp/hard\libm.a
LOAD C:/ST/STM32CubeIDE_1.13.2/STM32CubeIDE/plugins/com.st.stm32cube.ide.mcu.externaltools.gnu-tools-for-stm32.11.3.rel1.win32_1.1.100.202309141235/tools/bin/../lib/gcc/arm-none-eabi/11.3.1/thumb/v7e-m+fp/hard\libgcc.a

.comment        0x0000000000000000       0x43
 .comment       0x0000000000000000       0x43 C:/ST/STM32CubeIDE_1.13.2/STM32CubeIDE/plugins/com.st.stm32cube.ide.mcu.externaltools.gnu-tools-for-stm32.11.3.rel1.win32_1.1.100.202309141235/tools/bin/../lib/gcc/arm-none-eabi/11.3.1/thumb/v7e-m+fp/hard/crtbegin.o
                                         0x44 (size before relaxing)
 .comment       0x0000000000000043       0x44 ./Core/Src/fatfs_sd_card.o
 .comment       0x0000000000000043       0x44 ./Core/Src/main.o
 .comment       0x0000000000000043       0x44 ./Core/Src/stm32l4xx_hal_msp.o
 .comment       0x0000000000000043       0x44 ./Core/Src/stm32l4xx_it.o
 .comment       0x0000000000000043       0x44 ./Core/Src/system_stm32l4xx.o
 .comment       0x0000000000000043       0x44 ./Drivers/STM32L4xx_HAL_Driver/Src/stm32l4xx_hal.o
 .comment       0x0000000000000043       0x44 ./Drivers/STM32L4xx_HAL_Driver/Src/stm32l4xx_hal_cortex.o
 .comment       0x0000000000000043       0x44 ./Drivers/STM32L4xx_HAL_Driver/Src/stm32l4xx_hal_gpio.o
 .comment       0x0000000000000043       0x44 ./Drivers/STM32L4xx_HAL_Driver/Src/stm32l4xx_hal_i2c.o
 .comment       0x0000000000000043       0x44 ./Drivers/STM32L4xx_HAL_Driver/Src/stm32l4xx_hal_i2c_ex.o
 .comment       0x0000000000000043       0x44 ./Drivers/STM32L4xx_HAL_Driver/Src/stm32l4xx_hal_pwr.o
 .comment       0x0000000000000043       0x44 ./Drivers/STM32L4xx_HAL_Driver/Src/stm32l4xx_hal_pwr_ex.o
 .comment       0x0000000000000043       0x44 ./Drivers/STM32L4xx_HAL_Driver/Src/stm32l4xx_hal_rcc.o
 .comment       0x0000000000000043       0x44 ./Drivers/STM32L4xx_HAL_Driver/Src/stm32l4xx_hal_rcc_ex.o
 .comment       0x0000000000000043       0x44 ./Drivers/STM32L4xx_HAL_Driver/Src/stm32l4xx_hal_spi.o
 .comment       0x0000000000000043       0x44 ./Drivers/STM32L4xx_HAL_Driver/Src/stm32l4xx_hal_uart.o
 .comment       0x0000000000000043       0x44 ./FATFS/App/fatfs.o
 .comment       0x0000000000000043       0x44 ./FATFS/Target/user_diskio.o
 .comment       0x0000000000000043       0x44 ./Middlewares/Third_Party/FatFs/src/diskio.o
 .comment       0x0000000000000043       0x44 ./Middlewares/Third_Party/FatFs/src/ff.o
 .comment       0x0000000000000043       0x44 ./Middlewares/Third_Party/FatFs/src/ff_gen_drv.o
 .comment       0x0000000000000043       0x44 ./Middlewares/Third_Party/FatFs/src/option/ccsbcs.o

.debug_info     0x0000000000000000    0x13d9b
 .debug_info    0x0000000000000000      0xc12 ./Core/Src/fatfs_sd_card.o
 .debug_info    0x0000000000000c12     0x1975 ./Core/Src/main.o
 .debug_info    0x0000000000002587     0x12d8 ./Core/Src/stm32l4xx_hal_msp.o
 .debug_info    0x000000000000385f      0x13f ./Core/Src/stm32l4xx_it.o
 .debug_info    0x000000000000399e      0x5bf ./Core/Src/system_stm32l4xx.o
 .debug_info    0x0000000000003f5d       0x23 ./Core/Startup/startup_stm32l432kcux.o
 .debug_info    0x0000000000003f80      0x99e ./Drivers/STM32L4xx_HAL_Driver/Src/stm32l4xx_hal.o
 .debug_info    0x000000000000491e      0xcce ./Drivers/STM32L4xx_HAL_Driver/Src/stm32l4xx_hal_cortex.o
 .debug_info    0x00000000000055ec      0x757 ./Drivers/STM32L4xx_HAL_Driver/Src/stm32l4xx_hal_gpio.o
 .debug_info    0x0000000000005d43     0x2093 ./Drivers/STM32L4xx_HAL_Driver/Src/stm32l4xx_hal_i2c.o
 .debug_info    0x0000000000007dd6      0x98d ./Drivers/STM32L4xx_HAL_Driver/Src/stm32l4xx_hal_i2c_ex.o
 .debug_info    0x0000000000008763      0x92c ./Drivers/STM32L4xx_HAL_Driver/Src/stm32l4xx_hal_pwr.o
 .debug_info    0x000000000000908f      0x920 ./Drivers/STM32L4xx_HAL_Driver/Src/stm32l4xx_hal_pwr_ex.o
 .debug_info    0x00000000000099af      0xbc3 ./Drivers/STM32L4xx_HAL_Driver/Src/stm32l4xx_hal_rcc.o
 .debug_info    0x000000000000a572      0xee5 ./Drivers/STM32L4xx_HAL_Driver/Src/stm32l4xx_hal_rcc_ex.o
 .debug_info    0x000000000000b457     0x161a ./Drivers/STM32L4xx_HAL_Driver/Src/stm32l4xx_hal_spi.o
 .debug_info    0x000000000000ca71     0x3b77 ./Drivers/STM32L4xx_HAL_Driver/Src/stm32l4xx_hal_uart.o
 .debug_info    0x00000000000105e8      0x508 ./FATFS/App/fatfs.o
 .debug_info    0x0000000000010af0      0x3a5 ./FATFS/Target/user_diskio.o
 .debug_info    0x0000000000010e95      0x3df ./Middlewares/Third_Party/FatFs/src/diskio.o
 .debug_info    0x0000000000011274     0x25ef ./Middlewares/Third_Party/FatFs/src/ff.o
 .debug_info    0x0000000000013863      0x37f ./Middlewares/Third_Party/FatFs/src/ff_gen_drv.o
 .debug_info    0x0000000000013be2      0x1b9 ./Middlewares/Third_Party/FatFs/src/option/ccsbcs.o

.debug_abbrev   0x0000000000000000     0x2cf5
 .debug_abbrev  0x0000000000000000      0x2ee ./Core/Src/fatfs_sd_card.o
 .debug_abbrev  0x00000000000002ee      0x362 ./Core/Src/main.o
 .debug_abbrev  0x0000000000000650      0x20a ./Core/Src/stm32l4xx_hal_msp.o
 .debug_abbrev  0x000000000000085a       0x97 ./Core/Src/stm32l4xx_it.o
 .debug_abbrev  0x00000000000008f1      0x11a ./Core/Src/system_stm32l4xx.o
 .debug_abbrev  0x0000000000000a0b       0x12 ./Core/Startup/startup_stm32l432kcux.o
 .debug_abbrev  0x0000000000000a1d      0x225 ./Drivers/STM32L4xx_HAL_Driver/Src/stm32l4xx_hal.o
 .debug_abbrev  0x0000000000000c42      0x327 ./Drivers/STM32L4xx_HAL_Driver/Src/stm32l4xx_hal_cortex.o
 .debug_abbrev  0x0000000000000f69      0x1cb ./Drivers/STM32L4xx_HAL_Driver/Src/stm32l4xx_hal_gpio.o
 .debug_abbrev  0x0000000000001134      0x261 ./Drivers/STM32L4xx_HAL_Driver/Src/stm32l4xx_hal_i2c.o
 .debug_abbrev  0x0000000000001395      0x1c3 ./Drivers/STM32L4xx_HAL_Driver/Src/stm32l4xx_hal_i2c_ex.o
 .debug_abbrev  0x0000000000001558      0x1d4 ./Drivers/STM32L4xx_HAL_Driver/Src/stm32l4xx_hal_pwr.o
 .debug_abbrev  0x000000000000172c      0x1f9 ./Drivers/STM32L4xx_HAL_Driver/Src/stm32l4xx_hal_pwr_ex.o
 .debug_abbrev  0x0000000000001925      0x2cb ./Drivers/STM32L4xx_HAL_Driver/Src/stm32l4xx_hal_rcc.o
 .debug_abbrev  0x0000000000001bf0      0x2a1 ./Drivers/STM32L4xx_HAL_Driver/Src/stm32l4xx_hal_rcc_ex.o
 .debug_abbrev  0x0000000000001e91      0x26a ./Drivers/STM32L4xx_HAL_Driver/Src/stm32l4xx_hal_spi.o
 .debug_abbrev  0x00000000000020fb      0x2d0 ./Drivers/STM32L4xx_HAL_Driver/Src/stm32l4xx_hal_uart.o
 .debug_abbrev  0x00000000000023cb      0x15e ./FATFS/App/fatfs.o
 .debug_abbrev  0x0000000000002529      0x144 ./FATFS/Target/user_diskio.o
 .debug_abbrev  0x000000000000266d      0x181 ./Middlewares/Third_Party/FatFs/src/diskio.o
 .debug_abbrev  0x00000000000027ee      0x28a ./Middlewares/Third_Party/FatFs/src/ff.o
 .debug_abbrev  0x0000000000002a78      0x19f ./Middlewares/Third_Party/FatFs/src/ff_gen_drv.o
 .debug_abbrev  0x0000000000002c17       0xde ./Middlewares/Third_Party/FatFs/src/option/ccsbcs.o

.debug_aranges  0x0000000000000000     0x1228
 .debug_aranges
                0x0000000000000000       0xa8 ./Core/Src/fatfs_sd_card.o
 .debug_aranges
                0x00000000000000a8       0x98 ./Core/Src/main.o
 .debug_aranges
                0x0000000000000140       0x50 ./Core/Src/stm32l4xx_hal_msp.o
 .debug_aranges
                0x0000000000000190       0x60 ./Core/Src/stm32l4xx_it.o
 .debug_aranges
                0x00000000000001f0       0x28 ./Core/Src/system_stm32l4xx.o
 .debug_aranges
                0x0000000000000218       0x28 ./Core/Startup/startup_stm32l432kcux.o
 .debug_aranges
                0x0000000000000240      0x108 ./Drivers/STM32L4xx_HAL_Driver/Src/stm32l4xx_hal.o
 .debug_aranges
                0x0000000000000348      0x118 ./Drivers/STM32L4xx_HAL_Driver/Src/stm32l4xx_hal_cortex.o
 .debug_aranges
                0x0000000000000460       0x58 ./Drivers/STM32L4xx_HAL_Driver/Src/stm32l4xx_hal_gpio.o
 .debug_aranges
                0x00000000000004b8      0x2a0 ./Drivers/STM32L4xx_HAL_Driver/Src/stm32l4xx_hal_i2c.o
 .debug_aranges
                0x0000000000000758       0x48 ./Drivers/STM32L4xx_HAL_Driver/Src/stm32l4xx_hal_i2c_ex.o
 .debug_aranges
                0x00000000000007a0       0x98 ./Drivers/STM32L4xx_HAL_Driver/Src/stm32l4xx_hal_pwr.o
 .debug_aranges
                0x0000000000000838      0x128 ./Drivers/STM32L4xx_HAL_Driver/Src/stm32l4xx_hal_pwr_ex.o
 .debug_aranges
                0x0000000000000960       0x90 ./Drivers/STM32L4xx_HAL_Driver/Src/stm32l4xx_hal_rcc.o
 .debug_aranges
                0x00000000000009f0       0xf0 ./Drivers/STM32L4xx_HAL_Driver/Src/stm32l4xx_hal_rcc_ex.o
 .debug_aranges
                0x0000000000000ae0      0x1d8 ./Drivers/STM32L4xx_HAL_Driver/Src/stm32l4xx_hal_spi.o
 .debug_aranges
                0x0000000000000cb8      0x228 ./Drivers/STM32L4xx_HAL_Driver/Src/stm32l4xx_hal_uart.o
 .debug_aranges
                0x0000000000000ee0       0x28 ./FATFS/App/fatfs.o
 .debug_aranges
                0x0000000000000f08       0x40 ./FATFS/Target/user_diskio.o
 .debug_aranges
                0x0000000000000f48       0x48 ./Middlewares/Third_Party/FatFs/src/diskio.o
 .debug_aranges
                0x0000000000000f90      0x230 ./Middlewares/Third_Party/FatFs/src/ff.o
 .debug_aranges
                0x00000000000011c0       0x40 ./Middlewares/Third_Party/FatFs/src/ff_gen_drv.o
 .debug_aranges
                0x0000000000001200       0x28 ./Middlewares/Third_Party/FatFs/src/option/ccsbcs.o

.debug_rnglists
                0x0000000000000000      0xe15
 .debug_rnglists
                0x0000000000000000       0x80 ./Core/Src/fatfs_sd_card.o
 .debug_rnglists
                0x0000000000000080       0x72 ./Core/Src/main.o
 .debug_rnglists
                0x00000000000000f2       0x3a ./Core/Src/stm32l4xx_hal_msp.o
 .debug_rnglists
                0x000000000000012c       0x43 ./Core/Src/stm32l4xx_it.o
 .debug_rnglists
                0x000000000000016f       0x1a ./Core/Src/system_stm32l4xx.o
 .debug_rnglists
                0x0000000000000189       0x19 ./Core/Startup/startup_stm32l432kcux.o
 .debug_rnglists
                0x00000000000001a2       0xc1 ./Drivers/STM32L4xx_HAL_Driver/Src/stm32l4xx_hal.o
 .debug_rnglists
                0x0000000000000263       0xce ./Drivers/STM32L4xx_HAL_Driver/Src/stm32l4xx_hal_cortex.o
 .debug_rnglists
                0x0000000000000331       0x3f ./Drivers/STM32L4xx_HAL_Driver/Src/stm32l4xx_hal_gpio.o
 .debug_rnglists
                0x0000000000000370      0x228 ./Drivers/STM32L4xx_HAL_Driver/Src/stm32l4xx_hal_i2c.o
 .debug_rnglists
                0x0000000000000598       0x35 ./Drivers/STM32L4xx_HAL_Driver/Src/stm32l4xx_hal_i2c_ex.o
 .debug_rnglists
                0x00000000000005cd       0x6e ./Drivers/STM32L4xx_HAL_Driver/Src/stm32l4xx_hal_pwr.o
 .debug_rnglists
                0x000000000000063b       0xdf ./Drivers/STM32L4xx_HAL_Driver/Src/stm32l4xx_hal_pwr_ex.o
 .debug_rnglists
                0x000000000000071a       0x6d ./Drivers/STM32L4xx_HAL_Driver/Src/stm32l4xx_hal_rcc.o
 .debug_rnglists
                0x0000000000000787       0xba ./Drivers/STM32L4xx_HAL_Driver/Src/stm32l4xx_hal_rcc_ex.o
 .debug_rnglists
                0x0000000000000841      0x178 ./Drivers/STM32L4xx_HAL_Driver/Src/stm32l4xx_hal_spi.o
 .debug_rnglists
                0x00000000000009b9      0x1db ./Drivers/STM32L4xx_HAL_Driver/Src/stm32l4xx_hal_uart.o
 .debug_rnglists
                0x0000000000000b94       0x19 ./FATFS/App/fatfs.o
 .debug_rnglists
                0x0000000000000bad       0x2b ./FATFS/Target/user_diskio.o
 .debug_rnglists
                0x0000000000000bd8       0x31 ./Middlewares/Third_Party/FatFs/src/diskio.o
 .debug_rnglists
                0x0000000000000c09      0x1c6 ./Middlewares/Third_Party/FatFs/src/ff.o
 .debug_rnglists
                0x0000000000000dcf       0x2c ./Middlewares/Third_Party/FatFs/src/ff_gen_drv.o
 .debug_rnglists
                0x0000000000000dfb       0x1a ./Middlewares/Third_Party/FatFs/src/option/ccsbcs.o

.debug_macro    0x0000000000000000    0x2259c
 .debug_macro   0x0000000000000000      0x20d ./Core/Src/fatfs_sd_card.o
 .debug_macro   0x000000000000020d      0xaa8 ./Core/Src/fatfs_sd_card.o
 .debug_macro   0x0000000000000cb5      0x1ad ./Core/Src/fatfs_sd_card.o
 .debug_macro   0x0000000000000e62       0x2e ./Core/Src/fatfs_sd_card.o
 .debug_macro   0x0000000000000e90       0x28 ./Core/Src/fatfs_sd_card.o
 .debug_macro   0x0000000000000eb8       0x22 ./Core/Src/fatfs_sd_card.o
 .debug_macro   0x0000000000000eda       0x8e ./Core/Src/fatfs_sd_card.o
 .debug_macro   0x0000000000000f68       0x51 ./Core/Src/fatfs_sd_card.o
 .debug_macro   0x0000000000000fb9      0x103 ./Core/Src/fatfs_sd_card.o
 .debug_macro   0x00000000000010bc       0x6a ./Core/Src/fatfs_sd_card.o
 .debug_macro   0x0000000000001126      0x1df ./Core/Src/fatfs_sd_card.o
 .debug_macro   0x0000000000001305       0x1c ./Core/Src/fatfs_sd_card.o
 .debug_macro   0x0000000000001321       0x22 ./Core/Src/fatfs_sd_card.o
 .debug_macro   0x0000000000001343       0xfb ./Core/Src/fatfs_sd_card.o
 .debug_macro   0x000000000000143e     0x1011 ./Core/Src/fatfs_sd_card.o
 .debug_macro   0x000000000000244f      0x11f ./Core/Src/fatfs_sd_card.o
 .debug_macro   0x000000000000256e    0x147a6 ./Core/Src/fatfs_sd_card.o
 .debug_macro   0x0000000000016d14       0x6d ./Core/Src/fatfs_sd_card.o
 .debug_macro   0x0000000000016d81     0x38e6 ./Core/Src/fatfs_sd_card.o
 .debug_macro   0x000000000001a667      0x174 ./Core/Src/fatfs_sd_card.o
 .debug_macro   0x000000000001a7db       0x5c ./Core/Src/fatfs_sd_card.o
 .debug_macro   0x000000000001a837     0x11ca ./Core/Src/fatfs_sd_card.o
 .debug_macro   0x000000000001ba01      0x53c ./Core/Src/fatfs_sd_card.o
 .debug_macro   0x000000000001bf3d      0x1b9 ./Core/Src/fatfs_sd_card.o
 .debug_macro   0x000000000001c0f6      0x122 ./Core/Src/fatfs_sd_card.o
 .debug_macro   0x000000000001c218      0x26b ./Core/Src/fatfs_sd_card.o
 .debug_macro   0x000000000001c483      0x23d ./Core/Src/fatfs_sd_card.o
 .debug_macro   0x000000000001c6c0      0x241 ./Core/Src/fatfs_sd_card.o
 .debug_macro   0x000000000001c901      0x375 ./Core/Src/fatfs_sd_card.o
 .debug_macro   0x000000000001cc76       0xd6 ./Core/Src/fatfs_sd_card.o
 .debug_macro   0x000000000001cd4c      0x22c ./Core/Src/fatfs_sd_card.o
 .debug_macro   0x000000000001cf78       0x61 ./Core/Src/fatfs_sd_card.o
 .debug_macro   0x000000000001cfd9       0xa5 ./Core/Src/fatfs_sd_card.o
 .debug_macro   0x000000000001d07e      0x122 ./Core/Src/fatfs_sd_card.o
 .debug_macro   0x000000000001d1a0      0x356 ./Core/Src/fatfs_sd_card.o
 .debug_macro   0x000000000001d4f6      0x2fe ./Core/Src/fatfs_sd_card.o
 .debug_macro   0x000000000001d7f4      0x5cf ./Core/Src/fatfs_sd_card.o
 .debug_macro   0x000000000001ddc3       0x44 ./Core/Src/fatfs_sd_card.o
 .debug_macro   0x000000000001de07      0x220 ./Core/Src/fatfs_sd_card.o
 .debug_macro   0x000000000001e027       0x16 ./Core/Src/fatfs_sd_card.o
 .debug_macro   0x000000000001e03d       0x7c ./Core/Src/fatfs_sd_card.o
 .debug_macro   0x000000000001e0b9       0x9a ./Core/Src/fatfs_sd_card.o
 .debug_macro   0x000000000001e153      0x3b1 ./Core/Src/main.o
 .debug_macro   0x000000000001e504       0x40 ./Core/Src/main.o
 .debug_macro   0x000000000001e544       0xeb ./Core/Src/main.o
 .debug_macro   0x000000000001e62f       0x2a ./Core/Src/main.o
 .debug_macro   0x000000000001e659       0x61 ./Core/Src/main.o
 .debug_macro   0x000000000001e6ba       0x43 ./Core/Src/main.o
 .debug_macro   0x000000000001e6fd       0x34 ./Core/Src/main.o
 .debug_macro   0x000000000001e731       0x16 ./Core/Src/main.o
 .debug_macro   0x000000000001e747       0x35 ./Core/Src/main.o
 .debug_macro   0x000000000001e77c       0x16 ./Core/Src/main.o
 .debug_macro   0x000000000001e792       0x43 ./Core/Src/main.o
 .debug_macro   0x000000000001e7d5       0x34 ./Core/Src/main.o
 .debug_macro   0x000000000001e809       0x10 ./Core/Src/main.o
 .debug_macro   0x000000000001e819       0x58 ./Core/Src/main.o
 .debug_macro   0x000000000001e871       0x8e ./Core/Src/main.o
 .debug_macro   0x000000000001e8ff       0x1c ./Core/Src/main.o
 .debug_macro   0x000000000001e91b      0x177 ./Core/Src/main.o
 .debug_macro   0x000000000001ea92      0x369 ./Core/Src/main.o
 .debug_macro   0x000000000001edfb       0x16 ./Core/Src/main.o
 .debug_macro   0x000000000001ee11       0x29 ./Core/Src/main.o
 .debug_macro   0x000000000001ee3a       0x12 ./Core/Src/main.o
 .debug_macro   0x000000000001ee4c       0xe2 ./Core/Src/main.o
 .debug_macro   0x000000000001ef2e       0x8e ./Core/Src/main.o
 .debug_macro   0x000000000001efbc       0x22 ./Core/Src/main.o
 .debug_macro   0x000000000001efde       0x1c ./Core/Src/main.o
 .debug_macro   0x000000000001effa       0x10 ./Core/Src/main.o
 .debug_macro   0x000000000001f00a       0x1c ./Core/Src/main.o
 .debug_macro   0x000000000001f026       0x16 ./Core/Src/main.o
 .debug_macro   0x000000000001f03c      0x147 ./Core/Src/main.o
 .debug_macro   0x000000000001f183       0x16 ./Core/Src/main.o
 .debug_macro   0x000000000001f199       0x20 ./Core/Src/main.o
 .debug_macro   0x000000000001f1b9      0x1e9 ./Core/Src/stm32l4xx_hal_msp.o
 .debug_macro   0x000000000001f3a2      0x1f3 ./Core/Src/stm32l4xx_it.o
 .debug_macro   0x000000000001f595      0x1da ./Core/Src/system_stm32l4xx.o
 .debug_macro   0x000000000001f76f      0x222 ./Drivers/STM32L4xx_HAL_Driver/Src/stm32l4xx_hal.o
 .debug_macro   0x000000000001f991      0x1da ./Drivers/STM32L4xx_HAL_Driver/Src/stm32l4xx_hal_cortex.o
 .debug_macro   0x000000000001fb6b      0x1e1 ./Drivers/STM32L4xx_HAL_Driver/Src/stm32l4xx_hal_gpio.o
 .debug_macro   0x000000000001fd4c      0x2a6 ./Drivers/STM32L4xx_HAL_Driver/Src/stm32l4xx_hal_i2c.o
 .debug_macro   0x000000000001fff2      0x1da ./Drivers/STM32L4xx_HAL_Driver/Src/stm32l4xx_hal_i2c_ex.o
 .debug_macro   0x00000000000201cc      0x1f2 ./Drivers/STM32L4xx_HAL_Driver/Src/stm32l4xx_hal_pwr.o
 .debug_macro   0x00000000000203be      0x1fe ./Drivers/STM32L4xx_HAL_Driver/Src/stm32l4xx_hal_pwr_ex.o
 .debug_macro   0x00000000000205bc      0x21c ./Drivers/STM32L4xx_HAL_Driver/Src/stm32l4xx_hal_rcc.o
 .debug_macro   0x00000000000207d8      0x210 ./Drivers/STM32L4xx_HAL_Driver/Src/stm32l4xx_hal_rcc_ex.o
 .debug_macro   0x00000000000209e8      0x1e2 ./Drivers/STM32L4xx_HAL_Driver/Src/stm32l4xx_hal_spi.o
 .debug_macro   0x0000000000020bca      0x205 ./Drivers/STM32L4xx_HAL_Driver/Src/stm32l4xx_hal_uart.o
 .debug_macro   0x0000000000020dcf      0x30e ./FATFS/App/fatfs.o
 .debug_macro   0x00000000000210dd       0xe5 ./FATFS/App/fatfs.o
 .debug_macro   0x00000000000211c2      0x334 ./FATFS/Target/user_diskio.o
 .debug_macro   0x00000000000214f6       0x10 ./FATFS/Target/user_diskio.o
 .debug_macro   0x0000000000021506       0x56 ./FATFS/Target/user_diskio.o
 .debug_macro   0x000000000002155c      0x2fb ./Middlewares/Third_Party/FatFs/src/diskio.o
 .debug_macro   0x0000000000021857      0x709 ./Middlewares/Third_Party/FatFs/src/ff.o
 .debug_macro   0x0000000000021f60       0x58 ./Middlewares/Third_Party/FatFs/src/ff.o
 .debug_macro   0x0000000000021fb8      0x2fb ./Middlewares/Third_Party/FatFs/src/ff_gen_drv.o
 .debug_macro   0x00000000000222b3      0x2e9 ./Middlewares/Third_Party/FatFs/src/option/ccsbcs.o

.debug_line     0x0000000000000000    0x19560
 .debug_line    0x0000000000000000      0xe9b ./Core/Src/fatfs_sd_card.o
 .debug_line    0x0000000000000e9b      0xcca ./Core/Src/main.o
 .debug_line    0x0000000000001b65      0x89f ./Core/Src/stm32l4xx_hal_msp.o
 .debug_line    0x0000000000002404      0x855 ./Core/Src/stm32l4xx_it.o
 .debug_line    0x0000000000002c59      0x818 ./Core/Src/system_stm32l4xx.o
 .debug_line    0x0000000000003471       0x7a ./Core/Startup/startup_stm32l432kcux.o
 .debug_line    0x00000000000034eb      0xadd ./Drivers/STM32L4xx_HAL_Driver/Src/stm32l4xx_hal.o
 .debug_line    0x0000000000003fc8      0xd17 ./Drivers/STM32L4xx_HAL_Driver/Src/stm32l4xx_hal_cortex.o
 .debug_line    0x0000000000004cdf      0xb67 ./Drivers/STM32L4xx_HAL_Driver/Src/stm32l4xx_hal_gpio.o
 .debug_line    0x0000000000005846     0x394f ./Drivers/STM32L4xx_HAL_Driver/Src/stm32l4xx_hal_i2c.o
 .debug_line    0x0000000000009195      0x99e ./Drivers/STM32L4xx_HAL_Driver/Src/stm32l4xx_hal_i2c_ex.o
 .debug_line    0x0000000000009b33      0x94d ./Drivers/STM32L4xx_HAL_Driver/Src/stm32l4xx_hal_pwr.o
 .debug_line    0x000000000000a480      0xc6f ./Drivers/STM32L4xx_HAL_Driver/Src/stm32l4xx_hal_pwr_ex.o
 .debug_line    0x000000000000b0ef     0x1025 ./Drivers/STM32L4xx_HAL_Driver/Src/stm32l4xx_hal_rcc.o
 .debug_line    0x000000000000c114     0x1368 ./Drivers/STM32L4xx_HAL_Driver/Src/stm32l4xx_hal_rcc_ex.o
 .debug_line    0x000000000000d47c     0x1fdd ./Drivers/STM32L4xx_HAL_Driver/Src/stm32l4xx_hal_spi.o
 .debug_line    0x000000000000f459     0x31e3 ./Drivers/STM32L4xx_HAL_Driver/Src/stm32l4xx_hal_uart.o
 .debug_line    0x000000000001263c      0x971 ./FATFS/App/fatfs.o
 .debug_line    0x0000000000012fad      0x9da ./FATFS/Target/user_diskio.o
 .debug_line    0x0000000000013987      0x9e0 ./Middlewares/Third_Party/FatFs/src/diskio.o
 .debug_line    0x0000000000014367     0x3dbb ./Middlewares/Third_Party/FatFs/src/ff.o
 .debug_line    0x0000000000018122      0x9fe ./Middlewares/Third_Party/FatFs/src/ff_gen_drv.o
 .debug_line    0x0000000000018b20      0xa40 ./Middlewares/Third_Party/FatFs/src/option/ccsbcs.o

.debug_str      0x0000000000000000    0xc5c5f
 .debug_str     0x0000000000000000    0xbc2c9 ./Core/Src/fatfs_sd_card.o
                                      0xbc612 (size before relaxing)
 .debug_str     0x00000000000bc2c9     0x49c5 ./Core/Src/main.o
                                      0xc0d7d (size before relaxing)
 .debug_str     0x00000000000c0c8e      0x26c ./Core/Src/stm32l4xx_hal_msp.o
                                      0xbca41 (size before relaxing)
 .debug_str     0x00000000000c0efa       0xc9 ./Core/Src/stm32l4xx_it.o
                                      0xbbe39 (size before relaxing)
 .debug_str     0x00000000000c0fc3       0xf2 ./Core/Src/system_stm32l4xx.o
                                      0xbbece (size before relaxing)
 .debug_str     0x00000000000c10b5       0x34 ./Core/Startup/startup_stm32l432kcux.o
                                         0x71 (size before relaxing)
 .debug_str     0x00000000000c10e9      0x8f5 ./Drivers/STM32L4xx_HAL_Driver/Src/stm32l4xx_hal.o
                                      0xbc85b (size before relaxing)
 .debug_str     0x00000000000c19de      0x344 ./Drivers/STM32L4xx_HAL_Driver/Src/stm32l4xx_hal_cortex.o
                                      0xbc5fc (size before relaxing)
 .debug_str     0x00000000000c1d22      0x123 ./Drivers/STM32L4xx_HAL_Driver/Src/stm32l4xx_hal_gpio.o
                                      0xbc042 (size before relaxing)
 .debug_str     0x00000000000c1e45      0xdd2 ./Drivers/STM32L4xx_HAL_Driver/Src/stm32l4xx_hal_i2c.o
                                      0xbd0da (size before relaxing)
 .debug_str     0x00000000000c2c17       0xb8 ./Drivers/STM32L4xx_HAL_Driver/Src/stm32l4xx_hal_i2c_ex.o
                                      0xbc405 (size before relaxing)
 .debug_str     0x00000000000c2ccf      0x333 ./Drivers/STM32L4xx_HAL_Driver/Src/stm32l4xx_hal_pwr.o
                                      0xbc218 (size before relaxing)
 .debug_str     0x00000000000c3002      0x369 ./Drivers/STM32L4xx_HAL_Driver/Src/stm32l4xx_hal_pwr_ex.o
                                      0xbc376 (size before relaxing)
 .debug_str     0x00000000000c336b      0x381 ./Drivers/STM32L4xx_HAL_Driver/Src/stm32l4xx_hal_rcc.o
                                      0xbc4ce (size before relaxing)
 .debug_str     0x00000000000c36ec      0x4e0 ./Drivers/STM32L4xx_HAL_Driver/Src/stm32l4xx_hal_rcc_ex.o
                                      0xbc72e (size before relaxing)
 .debug_str     0x00000000000c3bcc      0x54b ./Drivers/STM32L4xx_HAL_Driver/Src/stm32l4xx_hal_spi.o
                                      0xbc6ec (size before relaxing)
 .debug_str     0x00000000000c4117      0x8ab ./Drivers/STM32L4xx_HAL_Driver/Src/stm32l4xx_hal_uart.o
                                      0xbcc26 (size before relaxing)
 .debug_str     0x00000000000c49c2       0x74 ./FATFS/App/fatfs.o
                                      0xbf73b (size before relaxing)
 .debug_str     0x00000000000c4a36       0x5a ./FATFS/Target/user_diskio.o
                                      0xbf86f (size before relaxing)
 .debug_str     0x00000000000c4a90       0x52 ./Middlewares/Third_Party/FatFs/src/diskio.o
                                      0xbf637 (size before relaxing)
 .debug_str     0x00000000000c4ae2     0x10a3 ./Middlewares/Third_Party/FatFs/src/ff.o
                                      0xc093e (size before relaxing)
 .debug_str     0x00000000000c5b85       0x91 ./Middlewares/Third_Party/FatFs/src/ff_gen_drv.o
                                      0xbf688 (size before relaxing)
 .debug_str     0x00000000000c5c16       0x49 ./Middlewares/Third_Party/FatFs/src/option/ccsbcs.o
                                      0xbf40c (size before relaxing)

.debug_frame    0x0000000000000000     0x4b08
 .debug_frame   0x0000000000000000      0x28c ./Core/Src/fatfs_sd_card.o
 .debug_frame   0x000000000000028c      0x220 ./Core/Src/main.o
 .debug_frame   0x00000000000004ac      0x118 ./Core/Src/stm32l4xx_hal_msp.o
 .debug_frame   0x00000000000005c4      0x104 ./Core/Src/stm32l4xx_it.o
 .debug_frame   0x00000000000006c8       0x58 ./Core/Src/system_stm32l4xx.o
 .debug_frame   0x0000000000000720      0x3dc ./Drivers/STM32L4xx_HAL_Driver/Src/stm32l4xx_hal.o
 .debug_frame   0x0000000000000afc      0x498 ./Drivers/STM32L4xx_HAL_Driver/Src/stm32l4xx_hal_cortex.o
 .debug_frame   0x0000000000000f94      0x14c ./Drivers/STM32L4xx_HAL_Driver/Src/stm32l4xx_hal_gpio.o
 .debug_frame   0x00000000000010e0      0xc38 ./Drivers/STM32L4xx_HAL_Driver/Src/stm32l4xx_hal_i2c.o
 .debug_frame   0x0000000000001d18      0x100 ./Drivers/STM32L4xx_HAL_Driver/Src/stm32l4xx_hal_i2c_ex.o
 .debug_frame   0x0000000000001e18      0x230 ./Drivers/STM32L4xx_HAL_Driver/Src/stm32l4xx_hal_pwr.o
 .debug_frame   0x0000000000002048      0x4a4 ./Drivers/STM32L4xx_HAL_Driver/Src/stm32l4xx_hal_pwr_ex.o
 .debug_frame   0x00000000000024ec      0x21c ./Drivers/STM32L4xx_HAL_Driver/Src/stm32l4xx_hal_rcc.o
 .debug_frame   0x0000000000002708      0x3d0 ./Drivers/STM32L4xx_HAL_Driver/Src/stm32l4xx_hal_rcc_ex.o
 .debug_frame   0x0000000000002ad8      0x860 ./Drivers/STM32L4xx_HAL_Driver/Src/stm32l4xx_hal_spi.o
 .debug_frame   0x0000000000003338      0x9f4 ./Drivers/STM32L4xx_HAL_Driver/Src/stm32l4xx_hal_uart.o
 .debug_frame   0x0000000000003d2c       0x4c ./FATFS/App/fatfs.o
 .debug_frame   0x0000000000003d78       0xc4 ./FATFS/Target/user_diskio.o
 .debug_frame   0x0000000000003e3c       0xec ./Middlewares/Third_Party/FatFs/src/diskio.o
 .debug_frame   0x0000000000003f28      0xa0c ./Middlewares/Third_Party/FatFs/src/ff.o
 .debug_frame   0x0000000000004934       0xc8 ./Middlewares/Third_Party/FatFs/src/ff_gen_drv.o
 .debug_frame   0x00000000000049fc       0x60 ./Middlewares/Third_Party/FatFs/src/option/ccsbcs.o
 .debug_frame   0x0000000000004a5c       0x20 C:/ST/STM32CubeIDE_1.13.2/STM32CubeIDE/plugins/com.st.stm32cube.ide.mcu.externaltools.gnu-tools-for-stm32.11.3.rel1.win32_1.1.100.202309141235/tools/bin/../lib/gcc/arm-none-eabi/11.3.1/../../../../arm-none-eabi/lib/thumb/v7e-m+fp/hard\libc_nano.a(libc_a-memset.o)
 .debug_frame   0x0000000000004a7c       0x2c C:/ST/STM32CubeIDE_1.13.2/STM32CubeIDE/plugins/com.st.stm32cube.ide.mcu.externaltools.gnu-tools-for-stm32.11.3.rel1.win32_1.1.100.202309141235/tools/bin/../lib/gcc/arm-none-eabi/11.3.1/../../../../arm-none-eabi/lib/thumb/v7e-m+fp/hard\libc_nano.a(libc_a-init.o)
 .debug_frame   0x0000000000004aa8       0x2c C:/ST/STM32CubeIDE_1.13.2/STM32CubeIDE/plugins/com.st.stm32cube.ide.mcu.externaltools.gnu-tools-for-stm32.11.3.rel1.win32_1.1.100.202309141235/tools/bin/../lib/gcc/arm-none-eabi/11.3.1/thumb/v7e-m+fp/hard\libgcc.a(_aeabi_uldivmod.o)
 .debug_frame   0x0000000000004ad4       0x34 C:/ST/STM32CubeIDE_1.13.2/STM32CubeIDE/plugins/com.st.stm32cube.ide.mcu.externaltools.gnu-tools-for-stm32.11.3.rel1.win32_1.1.100.202309141235/tools/bin/../lib/gcc/arm-none-eabi/11.3.1/thumb/v7e-m+fp/hard\libgcc.a(_udivmoddi4.o)

.debug_line_str
                0x0000000000000000       0x65
 .debug_line_str
                0x0000000000000000       0x65 ./Core/Startup/startup_stm32l432kcux.o
                                         0x7d (size before relaxing)
