../Core/Src/main.c:108:5:main	8	static
../Core/Src/main.c:195:6:SystemClock_Config	96	static
../Core/Src/main.c:256:13:MX_ADC1_Init	32	static
../Core/Src/main.c:314:13:MX_TIM2_Init	64	static
../Core/Src/main.c:372:13:MX_TIM15_Init	40	static
../Core/Src/main.c:418:13:MX_GPIO_Init	40	static
../Core/Src/main.c:443:6:receive_bit	32	static
../Core/Src/main.c:468:6:bit_detect	16	static
../Core/Src/main.c:483:6:process_data	24	static
../Core/Src/main.c:537:6:HAL_ADC_ConvHalfCpltCallback	16	static
../Core/Src/main.c:543:6:HAL_ADC_ConvCpltCallback	16	static
../Core/Src/main.c:548:6:HAL_TIM_PeriodElapsedCallback	16	static
../Core/Src/main.c:558:6:Error_Handler	4	static,ignoring_inline_asm
