../Core/Src/main.c:107:5:main	8	static
../Core/Src/main.c:167:6:SystemClock_Config	96	static
../Core/Src/main.c:218:13:MX_ADC1_Init	32	static
../Core/Src/main.c:276:13:MX_TIM2_Init	64	static
../Core/Src/main.c:334:13:MX_USART2_UART_Init	8	static
../Core/Src/main.c:367:13:MX_DMA_Init	16	static
../Core/Src/main.c:385:13:MX_GPIO_Init	16	static
../Core/Src/main.c:398:6:receive_bit	32	static
../Core/Src/main.c:421:6:bit_detect	16	static
../Core/Src/main.c:436:6:process_data	24	static
../Core/Src/main.c:490:6:HAL_ADC_ConvHalfCpltCallback	16	static
../Core/Src/main.c:496:6:HAL_ADC_ConvCpltCallback	16	static
../Core/Src/main.c:506:6:Error_Handler	4	static,ignoring_inline_asm
